Component: ARM Compiler 5.06 update 7 (build 960) Tool: armlink [4d3601]

==============================================================================

Section Cross References

    startup_stm32f407xx.o(RESET) refers to startup_stm32f407xx.o(STACK) for __initial_sp
    startup_stm32f407xx.o(RESET) refers to startup_stm32f407xx.o(.text) for Reset_Handler
    startup_stm32f407xx.o(RESET) refers to stm32f4xx_it.o(i.NMI_Handler) for NMI_Handler
    startup_stm32f407xx.o(RESET) refers to stm32f4xx_it.o(i.HardFault_Handler) for HardFault_Handler
    startup_stm32f407xx.o(RESET) refers to stm32f4xx_it.o(i.MemManage_Handler) for MemManage_Handler
    startup_stm32f407xx.o(RESET) refers to stm32f4xx_it.o(i.BusFault_Handler) for BusFault_Handler
    startup_stm32f407xx.o(RESET) refers to stm32f4xx_it.o(i.UsageFault_Handler) for UsageFault_Handler
    startup_stm32f407xx.o(RESET) refers to stm32f4xx_it.o(i.SVC_Handler) for SVC_Handler
    startup_stm32f407xx.o(RESET) refers to stm32f4xx_it.o(i.DebugMon_Handler) for DebugMon_Handler
    startup_stm32f407xx.o(RESET) refers to stm32f4xx_it.o(i.PendSV_Handler) for PendSV_Handler
    startup_stm32f407xx.o(RESET) refers to stm32f4xx_it.o(i.SysTick_Handler) for SysTick_Handler
    startup_stm32f407xx.o(RESET) refers to stm32f4xx_it.o(i.TIM1_UP_TIM10_IRQHandler) for TIM1_UP_TIM10_IRQHandler
    startup_stm32f407xx.o(RESET) refers to stm32f4xx_it.o(i.USART1_IRQHandler) for USART1_IRQHandler
    startup_stm32f407xx.o(RESET) refers to stm32f4xx_it.o(i.USART2_IRQHandler) for USART2_IRQHandler
    startup_stm32f407xx.o(RESET) refers to stm32f4xx_it.o(i.USART3_IRQHandler) for USART3_IRQHandler
    startup_stm32f407xx.o(RESET) refers to stm32f4xx_it.o(i.TIM8_CC_IRQHandler) for TIM8_CC_IRQHandler
    startup_stm32f407xx.o(RESET) refers to stm32f4xx_it.o(i.UART5_IRQHandler) for UART5_IRQHandler
    startup_stm32f407xx.o(RESET) refers to stm32f4xx_it.o(i.CAN2_RX0_IRQHandler) for CAN2_RX0_IRQHandler
    startup_stm32f407xx.o(.text) refers to system_stm32f4xx.o(i.SystemInit) for SystemInit
    startup_stm32f407xx.o(.text) refers to entry.o(.ARM.Collect$$$$00000000) for __main
    tofsense.o(i.ceju) refers to tofsense.o(i.verifyCheckSum) for verifyCheckSum
    tofsense.o(i.ceju) refers to tofsense.o(i.panduan) for panduan
    tofsense.o(i.ceju) refers to printf1.o(i.__0printf$1) for __2printf
    tofsense.o(i.ceju) refers to main.o(.data) for count
    tofsense.o(i.ceju) refers to usart.o(.bss) for USART2_RX_BUF
    tofsense.o(i.ceju) refers to main.o(.bss) for TOF_data
    tofsense.o(i.ceju) refers to main.o(.bss) for TOF_data2
    tofsense.o(i.ceju) refers to main.o(.data) for TOF_length
    tofsense.o(i.ceju) refers to main.o(.data) for TOF_system_time
    tofsense.o(i.ceju) refers to main.o(.data) for TOF_distance1
    tofsense.o(i.ceju) refers to main.o(.data) for TOF_status
    tofsense.o(i.ceju) refers to main.o(.data) for TOF_signal
    tofsense.o(i.ceju) refers to main.o(.data) for dis1
    tofsense.o(i.ceju) refers to main.o(.data) for TOF_distance2
    tofsense.o(i.ceju) refers to main.o(.data) for dis2
    tofsense.o(i.ceju) refers to main.o(.data) for location
    tofsense.o(i.ceju) refers to main.o(.data) for servo1_zhuaqv
    tofsense.o(i.ceju) refers to main.o(.bss) for qvwu_infer
    tofsense.o(i.ceju) refers to main.o(.data) for servo2_zhuaqv
    tofsense.o(i.panduan) refers to main.o(.data) for dis1
    tofsense.o(i.panduan) refers to main.o(.bss) for qvwu_infer
    tofsense.o(i.panduan) refers to main.o(.data) for dis2
    tofsense.o(i.verifyCheckSum) refers to main.o(.data) for TOF_check
    malloc.o(i.my_mem_init) refers to malloc.o(i.my_mem_set) for my_mem_set
    malloc.o(i.my_mem_init) refers to malloc.o(.constdata) for .constdata
    malloc.o(i.my_mem_init) refers to malloc.o(.data) for .data
    malloc.o(i.my_mem_malloc) refers to malloc.o(.data) for .data
    malloc.o(i.my_mem_malloc) refers to malloc.o(.constdata) for .constdata
    malloc.o(i.my_mem_perused) refers to malloc.o(.constdata) for .constdata
    malloc.o(i.my_mem_perused) refers to malloc.o(.data) for .data
    malloc.o(i.myfree) refers to malloc.o(.data) for .data
    malloc.o(i.myfree) refers to malloc.o(.constdata) for .constdata
    malloc.o(i.mymalloc) refers to malloc.o(i.my_mem_malloc) for my_mem_malloc
    malloc.o(i.mymalloc) refers to malloc.o(.data) for .data
    malloc.o(i.myrealloc) refers to malloc.o(i.my_mem_malloc) for my_mem_malloc
    malloc.o(i.myrealloc) refers to malloc.o(i.my_mem_copy) for my_mem_copy
    malloc.o(i.myrealloc) refers to malloc.o(i.myfree) for myfree
    malloc.o(i.myrealloc) refers to malloc.o(.data) for .data
    malloc.o(.data) refers to malloc.o(i.my_mem_init) for my_mem_init
    malloc.o(.data) refers to malloc.o(i.my_mem_perused) for my_mem_perused
    malloc.o(.data) refers to malloc.o(.bss) for mem1base
    malloc.o(.data) refers to malloc.o(.ARM.__AT_0x10000000) for mem2base
[...]
    i.__scatterload_copy                     0x08004d28   Section       14  handlers.o(i.__scatterload_copy)
    i.__scatterload_null                     0x08004d36   Section        2  handlers.o(i.__scatterload_null)
    i.__scatterload_zeroinit                 0x08004d38   Section       14  handlers.o(i.__scatterload_zeroinit)
    i.__set_errno                            0x08004d48   Section        0  errno.o(i.__set_errno)
    i._printf_core                           0x08004d54   Section        0  printf1.o(i._printf_core)
    _printf_core                             0x08004d55   Thumb Code   336  printf1.o(i._printf_core)
    i.bushu_init                             0x08004ea8   Section        0  logic.o(i.bushu_init)
    i.calc_speed                             0x08004ebc   Section        0  stepper_motor.o(i.calc_speed)
    i.canshu_init                            0x08005248   Section        0  logic.o(i.canshu_init)
    i.ceju                                   0x0800527c   Section        0  tofsense.o(i.ceju)
    i.da_py                                  0x080055d4   Section        0  logic.o(i.da_py)
    i.fabs                                   0x080056c8   Section        0  fabs.o(i.fabs)
    i.fputc                                  0x080056e0   Section        0  usart.o(i.fputc)
    i.main                                   0x080056f8   Section        0  main.o(i.main)
    i.my_mem_init                            0x080057d4   Section        0  malloc.o(i.my_mem_init)
    i.my_mem_malloc                          0x08005800   Section        0  malloc.o(i.my_mem_malloc)
    my_mem_malloc                            0x08005801   Thumb Code   136  malloc.o(i.my_mem_malloc)
    i.my_mem_perused                         0x08005890   Section        0  malloc.o(i.my_mem_perused)
    i.my_mem_set                             0x080058cc   Section        0  malloc.o(i.my_mem_set)
    i.myfree                                 0x080058dc   Section        0  malloc.o(i.myfree)
    i.mymalloc                               0x08005938   Section        0  malloc.o(i.mymalloc)
    i.nei_py                                 0x08005958   Section        0  logic.o(i.nei_py)
    i.panduan                                0x08005a5c   Section        0  tofsense.o(i.panduan)
    i.sec1                                   0x08005abc   Section        0  logic.o(i.sec1)
    i.sec1_fangwu1                           0x08005c1c   Section        0  logic.o(i.sec1_fangwu1)
    i.sec1_zhuaqv1                           0x08005cf4   Section        0  logic.o(i.sec1_zhuaqv1)
    i.sec2o3                                 0x08005df4   Section        0  logic.o(i.sec2o3)
    i.sec2o3_fangwu                          0x08006150   Section        0  logic.o(i.sec2o3_fangwu)
    i.sec2o3_zhuaqv                          0x080062f8   Section        0  logic.o(i.sec2o3_zhuaqv)
    i.sec2o3_zhuaqv1                         0x08006494   Section        0  logic.o(i.sec2o3_zhuaqv1)
    i.sec2o3_zhuaqv2                         0x08006598   Section        0  logic.o(i.sec2o3_zhuaqv2)
    i.section2_zhunbei                       0x0800669c   Section        0  logic.o(i.section2_zhunbei)
    i.section3_zhunbei                       0x08006794   Section        0  logic.o(i.section3_zhunbei)
    i.sqrt                                   0x08006928   Section        0  sqrt.o(i.sqrt)
    i.steer                                  0x08006998   Section        0  servo.o(i.steer)
    i.steer_init                             0x08006a54   Section        0  servo.o(i.steer_init)
    i.stepmotor_move_rel                     0x08006ab8   Section        0  stepper_motor.o(i.stepmotor_move_rel)
    i.stepper_start                          0x08006c5c   Section        0  stepper_motor.o(i.stepper_start)
    i.verifyCheckSum                         0x08006c88   Section        0  tofsense.o(i.verifyCheckSum)
    i.wai_py                                 0x08006cbc   Section        0  logic.o(i.wai_py)
    i.zhengji                                0x08006dbc   Section        0  logic.o(i.zhengji)
    .constdata                               0x08006ef4   Section       36  malloc.o(.constdata)
    .constdata                               0x08006f18   Section       16  system_stm32f4xx.o(.constdata)
    .constdata                               0x08006f28   Section        8  system_stm32f4xx.o(.constdata)
    .constdata                               0x08006f30   Section      136  pow.o(.constdata)
    bp                                       0x08006f30   Data          16  pow.o(.constdata)
    dp_h                                     0x08006f40   Data          16  pow.o(.constdata)
    dp_l                                     0x08006f50   Data          16  pow.o(.constdata)
    L                                        0x08006f60   Data          48  pow.o(.constdata)
    P                                        0x08006f90   Data          40  pow.o(.constdata)
    .constdata                               0x08006fb8   Section        8  qnan.o(.constdata)
    .ARM.__AT_0x10000000                     0x10000000   Section    61440  malloc.o(.ARM.__AT_0x10000000)
    mem2base                                 0x10000000   Data       61440  malloc.o(.ARM.__AT_0x10000000)
    .ARM.__AT_0x1000F000                     0x1000f000   Section     3840  malloc.o(.ARM.__AT_0x1000F000)
    mem2mapbase                              0x1000f000   Data        3840  malloc.o(.ARM.__AT_0x1000F000)
    .bss                                     0x20000000   Section    112640  malloc.o(.bss)
    mem1base                                 0x20000000   Data       112640  malloc.o(.bss)
    .data                                    0x2001c000   Section       36  malloc.o(.data)
    .data                                    0x2001c024   Section       32  stepper_motor.o(.data)
    num_callback                             0x2001c038   Data           4  stepper_motor.o(.data)
    .data                                    0x2001c048   Section       40  servo.o(.data)
    num                                      0x2001c050   Data           2  servo.o(.data)
    angle                                    0x2001c068   Data           8  servo.o(.data)
    .data                                    0x2001c070   Section       15  logic.o(.data)
    .data                                    0x2001c080   Section       24  main.o(.data)
    .data                                    0x2001c098   Section       32  main.o(.data)
    .data                                    0x2001c0b8   Section       16  main.o(.data)
    .data                                    0x2001c0c8   Section       64  main.o(.data)
    .data                                    0x2001c108   Section       32  main.o(.data)
    .data                                    0x2001c128   Section       24  main.o(.data)
    .data                                    0x2001c140   Section        1  main.o(.data)
    .data                                    0x2001c141   Section        1  main.o(.data)
    .data                                    0x2001c144   Section        4  main.o(.data)
    .data                                    0x2001c148   Section        4  main.o(.data)
    .data                                    0x2001c14c   Section        4  main.o(.data)
    .data                                    0x2001c150   Section        4  main.o(.data)
    .data                                    0x2001c154   Section        4  main.o(.data)
    .data                                    0x2001c158   Section        1  main.o(.data)
    .data                                    0x2001c15c   Section        4  main.o(.data)
    .data                                    0x2001c160   Section        1  main.o(.data)
    .data                                    0x2001c161   Section        1  main.o(.data)
    .data                                    0x2001c162   Section        1  main.o(.data)
    .data                                    0x2001c163   Section        1  main.o(.data)
    .data                                    0x2001c164   Section        1  main.o(.data)
    .data                                    0x2001c168   Section        8  fsmc.o(.data)
    FSMC_Initialized                         0x2001c168   Data           4  fsmc.o(.data)
    FSMC_DeInitialized                       0x2001c16c   Data           4  fsmc.o(.data)
    .data                                    0x2001c170   Section       10  usart.o(.data)
    .data                                    0x2001c17c   Section       12  stm32f4xx_hal.o(.data)
    .data                                    0x2001c188   Section        4  system_stm32f4xx.o(.data)
    .data                                    0x2001c18c   Section        4  stdout.o(.data)
    .data                                    0x2001c190   Section        4  errno.o(.data)
    _errno                                   0x2001c190   Data           4  errno.o(.data)
    .bss                                     0x2001c194   Section     7040  malloc.o(.bss)
    mem1mapbase                              0x2001c194   Data        7040  malloc.o(.bss)
    .bss                                     0x2001dd14   Section      176  stepper_motor.o(.bss)
    .bss                                     0x2001ddc4   Section       32  main.o(.bss)
    .bss                                     0x2001dde4   Section       32  main.o(.bss)
    .bss                                     0x2001de04   Section       72  main.o(.bss)
    .bss                                     0x2001de4c   Section      100  main.o(.bss)
    .bss                                     0x2001deb0   Section      100  main.o(.bss)
    .bss                                     0x2001df14   Section       40  can.o(.bss)
    .bss                                     0x2001df3c   Section       80  fsmc.o(.bss)
    .bss                                     0x2001df8c   Section      216  tim.o(.bss)
    .bss                                     0x2001e064   Section      672  usart.o(.bss)
    STACK                                    0x2001e308   Section     1024  startup_stm32f407xx.o(STACK)
    .ARM.__AT_0x68000000                     0x68000000   Section    986112  malloc.o(.ARM.__AT_0x68000000)
    mem3base                                 0x68000000   Data       986112  malloc.o(.ARM.__AT_0x68000000)
    .ARM.__AT_0x680F0C00                     0x680f0c00   Section    61632  malloc.o(.ARM.__AT_0x680F0C00)
    mem3mapbase                              0x680f0c00   Data       61632  malloc.o(.ARM.__AT_0x680F0C00)

    Global Symbols

    Symbol Name                              Value     Ov Type        Size  Object(Section)

    BuildAttributes$$THM_ISAv4$E$P$D$K$B$S$7EM$VFPi3$EXTD16$VFPS$VFMA$PE$A:L22UL41UL21$X:L11$S22US41US21$IEEE1$IW$USESV6$~STKCKD$USESV7$~SHL$OTIME$ROPI$IEEEX$EBA8$MICROLIB$REQ8$PRES8$EABIv2 0x00000000   Number         0  anon$$obj.o ABSOLUTE
    __ARM_use_no_argv                        0x00000000   Number         0  main.o ABSOLUTE
    _printf_a                                0x00000000   Number         0  stubs.o ABSOLUTE
    _printf_c                                0x00000000   Number         0  stubs.o ABSOLUTE
    _printf_charcount                        0x00000000   Number         0  stubs.o ABSOLUTE
    _printf_d                                0x00000000   Number         0  stubs.o ABSOLUTE
    _printf_e                                0x00000000   Number         0  stubs.o ABSOLUTE
    _printf_f                                0x00000000   Number         0  stubs.o ABSOLUTE
    _printf_flags                            0x00000000   Number         0  stubs.o ABSOLUTE
    _printf_fp_dec                           0x00000000   Number         0  stubs.o ABSOLUTE
    _printf_fp_hex                           0x00000000   Number         0  stubs.o ABSOLUTE
    _printf_g                                0x00000000   Number         0  stubs.o ABSOLUTE
    _printf_i                                0x00000000   Number         0  stubs.o ABSOLUTE
    _printf_int_dec                          0x00000000   Number         0  stubs.o ABSOLUTE
    _printf_l                                0x00000000   Number         0  stubs.o ABSOLUTE
    _printf_lc                               0x00000000   Number         0  stubs.o ABSOLUTE
    _printf_ll                               0x00000000   Number         0  stubs.o ABSOLUTE
    _printf_lld                              0x00000000   Number         0  stubs.o ABSOLUTE
    _printf_lli                              0x00000000   Number         0  stubs.o ABSOLUTE
    _printf_llo                              0x00000000   Number         0  stubs.o ABSOLUTE
    _printf_llu                              0x00000000   Number         0  stubs.o ABSOLUTE
    _printf_llx                              0x00000000   Number         0  stubs.o ABSOLUTE
    _printf_longlong_dec                     0x00000000   Number         0  stubs.o ABSOLUTE
    _printf_longlong_hex                     0x00000000   Number         0  stubs.o ABSOLUTE
    _printf_longlong_oct                     0x00000000   Number         0  stubs.o ABSOLUTE
    _printf_ls                               0x00000000   Number         0  stubs.o ABSOLUTE
    _printf_mbtowc                           0x00000000   Number         0  stubs.o ABSOLUTE
    _printf_n                                0x00000000   Number         0  stubs.o ABSOLUTE
    _printf_o                                0x00000000   Number         0  stubs.o ABSOLUTE
    _printf_p                                0x00000000   Number         0  stubs.o ABSOLUTE
    _printf_percent                          0x00000000   Number         0  stubs.o ABSOLUTE
    _printf_pre_padding                      0x00000000   Number         0  stubs.o ABSOLUTE
    _printf_return_value                     0x00000000   Number         0  stubs.o ABSOLUTE
    _printf_s                                0x00000000   Number         0  stubs.o ABSOLUTE
    _printf_sizespec                         0x00000000   Number         0  stubs.o ABSOLUTE
    _printf_str                              0x00000000   Number         0  stubs.o ABSOLUTE
    _printf_truncate_signed                  0x00000000   Number         0  stubs.o ABSOLUTE
    _printf_truncate_unsigned                0x00000000   Number         0  stubs.o ABSOLUTE
    _printf_u                                0x00000000   Number         0  stubs.o ABSOLUTE
    _printf_wc                               0x00000000   Number         0  stubs.o ABSOLUTE
    _printf_wctomb                           0x00000000   Number         0  stubs.o ABSOLUTE
    _printf_widthprec                        0x00000000   Number         0  stubs.o ABSOLUTE
    _printf_x                                0x00000000   Number         0  stubs.o ABSOLUTE
    __arm_fini_                               - Undefined Weak Reference
    __cpp_initialize__aeabi_                  - Undefined Weak Reference
    __cxa_finalize                            - Undefined Weak Reference
    _clock_init                               - Undefined Weak Reference
    _microlib_exit                            - Undefined Weak Reference
    __Vectors_Size                           0x00000188   Number         0  startup_stm32f407xx.o ABSOLUTE
    __Vectors                                0x08000000   Data           4  startup_stm32f407xx.o(RESET)
    __Vectors_End                            0x08000188   Data           0  startup_stm32f407xx.o(RESET)
    __main                                   0x08000189   Thumb Code     0  entry.o(.ARM.Collect$$$$00000000)
    _main_stk                                0x08000189   Thumb Code     0  entry2.o(.ARM.Collect$$$$00000001)
    _main_scatterload                        0x0800018d   Thumb Code     0  entry5.o(.ARM.Collect$$$$00000004)
    __main_after_scatterload                 0x08000191   Thumb Code     0  entry5.o(.ARM.Collect$$$$00000004)
    _main_clock                              0x08000191   Thumb Code     0  entry7b.o(.ARM.Collect$$$$00000008)
    _main_cpp_init                           0x08000191   Thumb Code     0  entry8b.o(.ARM.Collect$$$$0000000A)
    _main_init                               0x08000191   Thumb Code     0  entry9a.o(.ARM.Collect$$$$0000000B)
    __rt_lib_shutdown_fini                   0x08000199   Thumb Code     0  entry12b.o(.ARM.Collect$$$$0000000E)
    __rt_final_cpp                           0x0800019d   Thumb Code     0  entry10a.o(.ARM.Collect$$$$0000000F)
    __rt_final_exit                          0x0800019d   Thumb Code     0  entry11a.o(.ARM.Collect$$$$00000011)
    Reset_Handler                            0x080001a1   Thumb Code     8  startup_stm32f407xx.o(.text)
    ADC_IRQHandler                           0x080001bb   Thumb Code     0  startup_stm32f407xx.o(.text)
    CAN1_RX0_IRQHandler                      0x080001bb   Thumb Code     0  startup_stm32f407xx.o(.text)
    CAN1_RX1_IRQHandler                      0x080001bb   Thumb Code     0  startup_stm32f407xx.o(.text)
    CAN1_SCE_IRQHandler                      0x080001bb   Thumb Code     0  startup_stm32f407xx.o(.text)
    CAN1_TX_IRQHandler                       0x080001bb   Thumb Code     0  startup_stm32f407xx.o(.text)
    CAN2_RX1_IRQHandler                      0x080001bb   Thumb Code     0  startup_stm32f407xx.o(.text)
    CAN2_SCE_IRQHandler                      0x080001bb   Thumb Code     0  startup_stm32f407xx.o(.text)
    CAN2_TX_IRQHandler                       0x080001bb   Thumb Code     0  startup_stm32f407xx.o(.text)
    DCMI_IRQHandler                          0x080001bb   Thumb Code     0  startup_stm32f407xx.o(.text)
    DMA1_Stream0_IRQHandler                  0x080001bb   Thumb Code     0  startup_stm32f407xx.o(.text)
    DMA1_Stream1_IRQHandler                  0x080001bb   Thumb Code     0  startup_stm32f407xx.o(.text)
    DMA1_Stream2_IRQHandler                  0x080001bb   Thumb Code     0  startup_stm32f407xx.o(.text)
    DMA1_Stream3_IRQHandler                  0x080001bb   Thumb Code     0  startup_stm32f407xx.o(.text)
    DMA1_Stream4_IRQHandler                  0x080001bb   Thumb Code     0  startup_stm32f407xx.o(.text)
    DMA1_Stream5_IRQHandler                  0x080001bb   Thumb Code     0  startup_stm32f407xx.o(.text)
    DMA1_Stream6_IRQHandler                  0x080001bb   Thumb Code     0  startup_stm32f407xx.o(.text)
    DMA1_Stream7_IRQHandler                  0x080001bb   Thumb Code     0  startup_stm32f407xx.o(.text)
    DMA2_Stream0_IRQHandler                  0x080001bb   Thumb Code     0  startup_stm32f407xx.o(.text)
    DMA2_Stream1_IRQHandler                  0x080001bb   Thumb Code     0  startup_stm32f407xx.o(.text)
    DMA2_Stream2_IRQHandler                  0x080001bb   Thumb Code     0  startup_stm32f407xx.o(.text)
    DMA2_Stream3_IRQHandler                  0x080001bb   Thumb Code     0  startup_stm32f407xx.o(.text)
    DMA2_Stream4_IRQHandler                  0x080001bb   Thumb Code     0  startup_stm32f407xx.o(.text)
    DMA2_Stream5_IRQHandler                  0x080001bb   Thumb Code     0  startup_stm32f407xx.o(.text)
    DMA2_Stream6_IRQHandler                  0x080001bb   Thumb Code     0  startup_stm32f407xx.o(.text)
    DMA2_Stream7_IRQHandler                  0x080001bb   Thumb Code     0  startup_stm32f407xx.o(.text)
    ETH_IRQHandler                           0x080001bb   Thumb Code     0  startup_stm32f407xx.o(.text)
    ETH_WKUP_IRQHandler                      0x080001bb   Thumb Code     0  startup_stm32f407xx.o(.text)
    EXTI0_IRQHandler                         0x080001bb   Thumb Code     0  startup_stm32f407xx.o(.text)
    EXTI15_10_IRQHandler                     0x080001bb   Thumb Code     0  startup_stm32f407xx.o(.text)
    EXTI1_IRQHandler                         0x080001bb   Thumb Code     0  startup_stm32f407xx.o(.text)
    EXTI2_IRQHandler                         0x080001bb   Thumb Code     0  startup_stm32f407xx.o(.text)
    EXTI3_IRQHandler                         0x080001bb   Thumb Code     0  startup_stm32f407xx.o(.text)
    EXTI4_IRQHandler                         0x080001bb   Thumb Code     0  startup_stm32f407xx.o(.text)
    EXTI9_5_IRQHandler                       0x080001bb   Thumb Code     0  startup_stm32f407xx.o(.text)
    FLASH_IRQHandler                         0x080001bb   Thumb Code     0  startup_stm32f407xx.o(.text)
    FMC_IRQHandler                           0x080001bb   Thumb Code     0  startup_stm32f407xx.o(.text)
    FPU_IRQHandler                           0x080001bb   Thumb Code     0  startup_stm32f407xx.o(.text)
    HASH_RNG_IRQHandler                      0x080001bb   Thumb Code     0  startup_stm32f407xx.o(.text)
    I2C1_ER_IRQHandler                       0x080001bb   Thumb Code     0  startup_stm32f407xx.o(.text)
    I2C1_EV_IRQHandler                       0x080001bb   Thumb Code     0  startup_stm32f407xx.o(.text)
    I2C2_ER_IRQHandler                       0x080001bb   Thumb Code     0  startup_stm32f407xx.o(.text)
    I2C2_EV_IRQHandler                       0x080001bb   Thumb Code     0  startup_stm32f407xx.o(.text)
    I2C3_ER_IRQHandler                       0x080001bb   Thumb Code     0  startup_stm32f407xx.o(.text)
    I2C3_EV_IRQHandler                       0x080001bb   Thumb Code     0  startup_stm32f407xx.o(.text)
    OTG_FS_IRQHandler                        0x080001bb   Thumb Code     0  startup_stm32f407xx.o(.text)
    OTG_FS_WKUP_IRQHandler                   0x080001bb   Thumb Code     0  startup_stm32f407xx.o(.text)
    OTG_HS_EP1_IN_IRQHandler                 0x080001bb   Thumb Code     0  startup_stm32f407xx.o(.text)
    OTG_HS_EP1_OUT_IRQHandler                0x080001bb   Thumb Code     0  startup_stm32f407xx.o(.text)
    OTG_HS_IRQHandler                        0x080001bb   Thumb Code     0  startup_stm32f407xx.o(.text)
    OTG_HS_WKUP_IRQHandler                   0x080001bb   Thumb Code     0  startup_stm32f407xx.o(.text)
    PVD_IRQHandler                           0x080001bb   Thumb Code     0  startup_stm32f407xx.o(.text)
    RCC_IRQHandler                           0x080001bb   Thumb Code     0  startup_stm32f407xx.o(.text)
    RTC_Alarm_IRQHandler                     0x080001bb   Thumb Code     0  startup_stm32f407xx.o(.text)
    RTC_WKUP_IRQHandler                      0x080001bb   Thumb Code     0  startup_stm32f407xx.o(.text)
    SDIO_IRQHandler                          0x080001bb   Thumb Code     0  startup_stm32f407xx.o(.text)
    SPI1_IRQHandler                          0x080001bb   Thumb Code     0  startup_stm32f407xx.o(.text)
    SPI2_IRQHandler                          0x080001bb   Thumb Code     0  startup_stm32f407xx.o(.text)
    SPI3_IRQHandler                          0x080001bb   Thumb Code     0  startup_stm32f407xx.o(.text)
    TAMP_STAMP_IRQHandler                    0x080001bb   Thumb Code     0  startup_stm32f407xx.o(.text)
    TIM1_BRK_TIM9_IRQHandler                 0x080001bb   Thumb Code     0  startup_stm32f407xx.o(.text)
    TIM1_CC_IRQHandler                       0x080001bb   Thumb Code     0  startup_stm32f407xx.o(.text)
    TIM1_TRG_COM_TIM11_IRQHandler            0x080001bb   Thumb Code     0  startup_stm32f407xx.o(.text)
    TIM2_IRQHandler                          0x080001bb   Thumb Code     0  startup_stm32f407xx.o(.text)
    TIM3_IRQHandler                          0x080001bb   Thumb Code     0  startup_stm32f407xx.o(.text)
    TIM4_IRQHandler                          0x080001bb   Thumb Code     0  startup_stm32f407xx.o(.text)
    TIM5_IRQHandler                          0x080001bb   Thumb Code     0  startup_stm32f407xx.o(.text)
    TIM6_DAC_IRQHandler                      0x080001bb   Thumb Code     0  startup_stm32f407xx.o(.text)
    TIM7_IRQHandler                          0x080001bb   Thumb Code     0  startup_stm32f407xx.o(.text)
    TIM8_BRK_TIM12_IRQHandler                0x080001bb   Thumb Code     0  startup_stm32f407xx.o(.text)
    TIM8_TRG_COM_TIM14_IRQHandler            0x080001bb   Thumb Code     0  startup_stm32f407xx.o(.text)
    TIM8_UP_TIM13_IRQHandler                 0x080001bb   Thumb Code     0  startup_stm32f407xx.o(.text)
    UART4_IRQHandler                         0x080001bb   Thumb Code     0  startup_stm32f407xx.o(.text)
    USART6_IRQHandler                        0x080001bb   Thumb Code     0  startup_stm32f407xx.o(.text)
    WWDG_IRQHandler                          0x080001bb   Thumb Code     0  startup_stm32f407xx.o(.text)
    __aeabi_uldivmod                         0x080001c5   Thumb Code    98  uldiv.o(.text)
    __aeabi_memset                           0x08000227   Thumb Code    14  memseta.o(.text)
    __aeabi_memset4                          0x08000227   Thumb Code     0  memseta.o(.text)
    __aeabi_memset8                          0x08000227   Thumb Code     0  memseta.o(.text)
    __aeabi_memclr                           0x08000235   Thumb Code     4  memseta.o(.text)
    __aeabi_memclr4                          0x08000235   Thumb Code     0  memseta.o(.text)
    __aeabi_memclr8                          0x08000235   Thumb Code     0  memseta.o(.text)
    _memset$wrapper                          0x08000239   Thumb Code    18  memseta.o(.text)
    __aeabi_dadd                             0x0800024b   Thumb Code   322  dadd.o(.text)
    __aeabi_dsub                             0x0800038d   Thumb Code     6  dadd.o(.text)
    __aeabi_drsub                            0x08000393   Thumb Code     6  dadd.o(.text)
    __aeabi_dmul                             0x08000399   Thumb Code   228  dmul.o(.text)
    __aeabi_ddiv                             0x0800047d   Thumb Code   222  ddiv.o(.text)
    __aeabi_ui2d                             0x0800055b   Thumb Code    26  dfltui.o(.text)
    __aeabi_d2iz                             0x08000575   Thumb Code    62  dfixi.o(.text)
    __aeabi_d2uiz                            0x080005b3   Thumb Code    50  dfixui.o(.text)
    __aeabi_f2d                              0x080005e5   Thumb Code    38  f2d.o(.text)
    __aeabi_cdrcmple                         0x0800060d   Thumb Code    48  cdrcmple.o(.text)
    __aeabi_d2f                              0x0800063d   Thumb Code    56  d2f.o(.text)
    __aeabi_uidiv                            0x08000675   Thumb Code     0  uidiv.o(.text)
    __aeabi_uidivmod                         0x08000675   Thumb Code    44  uidiv.o(.text)
    __aeabi_llsl                             0x080006a1   Thumb Code    30  llshl.o(.text)
    _ll_shift_l                              0x080006a1   Thumb Code     0  llshl.o(.text)
    __aeabi_llsr                             0x080006bf   Thumb Code    32  llushr.o(.text)
    _ll_ushift_r                             0x080006bf   Thumb Code     0  llushr.o(.text)
    __aeabi_lasr                             0x080006df   Thumb Code    36  llsshr.o(.text)
    _ll_sshift_r                             0x080006df   Thumb Code     0  llsshr.o(.text)
    __I$use$fp                               0x08000703   Thumb Code     0  iusefp.o(.text)
    _float_round                             0x08000703   Thumb Code    18  fepilogue.o(.text)
    _float_epilogue                          0x08000715   Thumb Code    92  fepilogue.o(.text)
    _double_round                            0x08000771   Thumb Code    30  depilogue.o(.text)
    _double_epilogue                         0x0800078f   Thumb Code   156  depilogue.o(.text)
    __ARM_scalbn                             0x0800082b   Thumb Code    46  dscalb.o(.text)
    scalbn                                   0x0800082b   Thumb Code     0  dscalb.o(.text)
    __aeabi_i2d                              0x08000859   Thumb Code    34  dflti.o(.text)
    __scatterload                            0x0800087d   Thumb Code    28  init.o(.text)
    __scatterload_rt2                        0x0800087d   Thumb Code     0  init.o(.text)
    _dsqrt                                   0x080008a1   Thumb Code   162  dsqrt.o(.text)
    __decompress                             0x08000943   Thumb Code     0  __dczerorl2.o(.text)
    __decompress1                            0x08000943   Thumb Code    86  __dczerorl2.o(.text)
    BusFault_Handler                         0x08000999   Thumb Code     2  stm32f4xx_it.o(i.BusFault_Handler)
    CAN2_RX0_IRQHandler                      0x0800099d   Thumb Code     6  stm32f4xx_it.o(i.CAN2_RX0_IRQHandler)
    Crane_Init_juece                         0x080009a9   Thumb Code   176  logic.o(i.Crane_Init_juece)
    Crane_Init_yundong                       0x08000a75   Thumb Code   246  logic.o(i.Crane_Init_yundong)
    DebugMon_Handler                         0x08000b8d   Thumb Code     2  stm32f4xx_it.o(i.DebugMon_Handler)
    Error_Handler                            0x08000b8f   Thumb Code     4  main.o(i.Error_Handler)
    FSMC_NORSRAM_Extended_Timing_Init        0x08000b95   Thumb Code    56  stm32f4xx_ll_fsmc.o(i.FSMC_NORSRAM_Extended_Timing_Init)
    FSMC_NORSRAM_Init                        0x08000bd1   Thumb Code    98  stm32f4xx_ll_fsmc.o(i.FSMC_NORSRAM_Init)
    FSMC_NORSRAM_Timing_Init                 0x08000c39   Thumb Code    64  stm32f4xx_ll_fsmc.o(i.FSMC_NORSRAM_Timing_Init)
    HAL_CAN_ErrorCallback                    0x08000c7d   Thumb Code     2  stm32f4xx_hal_can.o(i.HAL_CAN_ErrorCallback)
    HAL_CAN_IRQHandler                       0x08000c7f   Thumb Code   508  stm32f4xx_hal_can.o(i.HAL_CAN_IRQHandler)
    HAL_CAN_Init                             0x08000e7b   Thumb Code   282  stm32f4xx_hal_can.o(i.HAL_CAN_Init)
    HAL_CAN_MspInit                          0x08000f95   Thumb Code   126  can.o(i.HAL_CAN_MspInit)
    HAL_CAN_RxFifo0FullCallback              0x08001021   Thumb Code     2  stm32f4xx_hal_can.o(i.HAL_CAN_RxFifo0FullCallback)
    HAL_CAN_RxFifo0MsgPendingCallback        0x08001023   Thumb Code     2  stm32f4xx_hal_can.o(i.HAL_CAN_RxFifo0MsgPendingCallback)
    HAL_CAN_RxFifo1FullCallback              0x08001025   Thumb Code     2  stm32f4xx_hal_can.o(i.HAL_CAN_RxFifo1FullCallback)
    HAL_CAN_RxFifo1MsgPendingCallback        0x08001027   Thumb Code     2  stm32f4xx_hal_can.o(i.HAL_CAN_RxFifo1MsgPendingCallback)
    HAL_CAN_SleepCallback                    0x08001029   Thumb Code     2  stm32f4xx_hal_can.o(i.HAL_CAN_SleepCallback)
    HAL_CAN_TxMailbox0AbortCallback          0x0800102b   Thumb Code     2  stm32f4xx_hal_can.o(i.HAL_CAN_TxMailbox0AbortCallback)
    HAL_CAN_TxMailbox0CompleteCallback       0x0800102d   Thumb Code     2  stm32f4xx_hal_can.o(i.HAL_CAN_TxMailbox0CompleteCallback)
    HAL_CAN_TxMailbox1AbortCallback          0x0800102f   Thumb Code     2  stm32f4xx_hal_can.o(i.HAL_CAN_TxMailbox1AbortCallback)
    HAL_CAN_TxMailbox1CompleteCallback       0x08001031   Thumb Code     2  stm32f4xx_hal_can.o(i.HAL_CAN_TxMailbox1CompleteCallback)
    HAL_CAN_TxMailbox2AbortCallback          0x08001033   Thumb Code     2  stm32f4xx_hal_can.o(i.HAL_CAN_TxMailbox2AbortCallback)
    HAL_CAN_TxMailbox2CompleteCallback       0x08001035   Thumb Code     2  stm32f4xx_hal_can.o(i.HAL_CAN_TxMailbox2CompleteCallback)
    HAL_CAN_WakeUpFromRxMsgCallback          0x08001037   Thumb Code     2  stm32f4xx_hal_can.o(i.HAL_CAN_WakeUpFromRxMsgCallback)
    HAL_DMA_Abort                            0x08001039   Thumb Code   146  stm32f4xx_hal_dma.o(i.HAL_DMA_Abort)
    HAL_DMA_Abort_IT                         0x080010cb   Thumb Code    36  stm32f4xx_hal_dma.o(i.HAL_DMA_Abort_IT)
    HAL_Delay                                0x080010f1   Thumb Code    32  stm32f4xx_hal.o(i.HAL_Delay)
    HAL_GPIO_Init                            0x080011bd   Thumb Code   450  stm32f4xx_hal_gpio.o(i.HAL_GPIO_Init)
    HAL_GPIO_WritePin                        0x080013ad   Thumb Code    10  stm32f4xx_hal_gpio.o(i.HAL_GPIO_WritePin)
    HAL_GetTick                              0x080013b9   Thumb Code     6  stm32f4xx_hal.o(i.HAL_GetTick)
    HAL_IncTick                              0x080013c5   Thumb Code    12  stm32f4xx_hal.o(i.HAL_IncTick)
    HAL_Init                                 0x080013d5   Thumb Code    48  stm32f4xx_hal.o(i.HAL_Init)
    HAL_InitTick                             0x08001409   Thumb Code    54  stm32f4xx_hal.o(i.HAL_InitTick)
    HAL_MspInit                              0x08001449   Thumb Code    42  stm32f4xx_hal_msp.o(i.HAL_MspInit)
    HAL_NVIC_EnableIRQ                       0x08001479   Thumb Code    26  stm32f4xx_hal_cortex.o(i.HAL_NVIC_EnableIRQ)
    HAL_NVIC_SetPriority                     0x08001495   Thumb Code    60  stm32f4xx_hal_cortex.o(i.HAL_NVIC_SetPriority)
    HAL_NVIC_SetPriorityGrouping             0x080014d5   Thumb Code    26  stm32f4xx_hal_cortex.o(i.HAL_NVIC_SetPriorityGrouping)
    HAL_RCC_ClockConfig                      0x080014f9   Thumb Code   288  stm32f4xx_hal_rcc.o(i.HAL_RCC_ClockConfig)
    HAL_RCC_GetPCLK1Freq                     0x0800162d   Thumb Code    20  stm32f4xx_hal_rcc.o(i.HAL_RCC_GetPCLK1Freq)
    HAL_RCC_GetPCLK2Freq                     0x0800164d   Thumb Code    20  stm32f4xx_hal_rcc.o(i.HAL_RCC_GetPCLK2Freq)
    HAL_RCC_GetSysClockFreq                  0x0800166d   Thumb Code    88  stm32f4xx_hal_rcc.o(i.HAL_RCC_GetSysClockFreq)
    HAL_RCC_OscConfig                        0x080016cd   Thumb Code   856  stm32f4xx_hal_rcc.o(i.HAL_RCC_OscConfig)
    HAL_SRAM_Init                            0x08001a39   Thumb Code    92  stm32f4xx_hal_sram.o(i.HAL_SRAM_Init)
    HAL_SRAM_MspInit                         0x08001a95   Thumb Code     4  fsmc.o(i.HAL_SRAM_MspInit)
    HAL_SYSTICK_Config                       0x08001a99   Thumb Code    40  stm32f4xx_hal_cortex.o(i.HAL_SYSTICK_Config)
    HAL_TIMEx_BreakCallback                  0x08001ac1   Thumb Code     2  stm32f4xx_hal_tim_ex.o(i.HAL_TIMEx_BreakCallback)
    HAL_TIMEx_CommutCallback                 0x08001ac3   Thumb Code     2  stm32f4xx_hal_tim_ex.o(i.HAL_TIMEx_CommutCallback)
    HAL_TIMEx_ConfigBreakDeadTime            0x08001ac5   Thumb Code    84  stm32f4xx_hal_tim_ex.o(i.HAL_TIMEx_ConfigBreakDeadTime)
    HAL_TIMEx_MasterConfigSynchronization    0x08001b19   Thumb Code   116  stm32f4xx_hal_tim_ex.o(i.HAL_TIMEx_MasterConfigSynchronization)
    HAL_TIM_Base_Init                        0x08001ba9   Thumb Code    90  stm32f4xx_hal_tim.o(i.HAL_TIM_Base_Init)
    HAL_TIM_Base_MspInit                     0x08001c05   Thumb Code   112  tim.o(i.HAL_TIM_Base_MspInit)
    HAL_TIM_Base_Start_IT                    0x08001c85   Thumb Code   100  stm32f4xx_hal_tim.o(i.HAL_TIM_Base_Start_IT)
    HAL_TIM_Base_Stop_IT                     0x08001d05   Thumb Code    48  stm32f4xx_hal_tim.o(i.HAL_TIM_Base_Stop_IT)
    HAL_TIM_ConfigClockSource                0x08001d35   Thumb Code   220  stm32f4xx_hal_tim.o(i.HAL_TIM_ConfigClockSource)
    HAL_TIM_IC_CaptureCallback               0x08001e11   Thumb Code     2  stm32f4xx_hal_tim.o(i.HAL_TIM_IC_CaptureCallback)
    HAL_TIM_IRQHandler                       0x08001e13   Thumb Code   358  stm32f4xx_hal_tim.o(i.HAL_TIM_IRQHandler)
    HAL_TIM_MspPostInit                      0x08001f79   Thumb Code   112  tim.o(i.HAL_TIM_MspPostInit)
    HAL_TIM_OC_ConfigChannel                 0x08001ffd   Thumb Code    82  stm32f4xx_hal_tim.o(i.HAL_TIM_OC_ConfigChannel)
    HAL_TIM_OC_DelayElapsedCallback          0x08002051   Thumb Code  1336  stepper_motor.o(i.HAL_TIM_OC_DelayElapsedCallback)
    HAL_TIM_OC_Init                          0x08002591   Thumb Code    90  stm32f4xx_hal_tim.o(i.HAL_TIM_OC_Init)
    HAL_TIM_OC_MspInit                       0x080025eb   Thumb Code     2  stm32f4xx_hal_tim.o(i.HAL_TIM_OC_MspInit)
    HAL_TIM_OC_Start_IT                      0x080025ed   Thumb Code   216  stm32f4xx_hal_tim.o(i.HAL_TIM_OC_Start_IT)
    HAL_TIM_OC_Stop_IT                       0x080026e1   Thumb Code   178  stm32f4xx_hal_tim.o(i.HAL_TIM_OC_Stop_IT)
    HAL_TIM_PWM_ConfigChannel                0x0800279d   Thumb Code   204  stm32f4xx_hal_tim.o(i.HAL_TIM_PWM_ConfigChannel)
    HAL_TIM_PWM_Init                         0x08002869   Thumb Code    90  stm32f4xx_hal_tim.o(i.HAL_TIM_PWM_Init)
    HAL_TIM_PWM_MspInit                      0x080028c3   Thumb Code     2  stm32f4xx_hal_tim.o(i.HAL_TIM_PWM_MspInit)
    HAL_TIM_PWM_PulseFinishedCallback        0x080028c5   Thumb Code     2  stm32f4xx_hal_tim.o(i.HAL_TIM_PWM_PulseFinishedCallback)
    HAL_TIM_PWM_Start                        0x080028c9   Thumb Code   172  stm32f4xx_hal_tim.o(i.HAL_TIM_PWM_Start)
    HAL_TIM_PeriodElapsedCallback            0x08002991   Thumb Code   376  servo.o(i.HAL_TIM_PeriodElapsedCallback)
    HAL_TIM_TriggerCallback                  0x08002b41   Thumb Code     2  stm32f4xx_hal_tim.o(i.HAL_TIM_TriggerCallback)
    HAL_UARTEx_RxEventCallback               0x08002b43   Thumb Code     2  stm32f4xx_hal_uart.o(i.HAL_UARTEx_RxEventCallback)
    HAL_UART_ErrorCallback                   0x08002b45   Thumb Code     2  stm32f4xx_hal_uart.o(i.HAL_UART_ErrorCallback)
    HAL_UART_IRQHandler                      0x08002b49   Thumb Code   610  stm32f4xx_hal_uart.o(i.HAL_UART_IRQHandler)
    HAL_UART_Init                            0x08002db1   Thumb Code    98  stm32f4xx_hal_uart.o(i.HAL_UART_Init)
    HAL_UART_MspInit                         0x08002e15   Thumb Code   372  usart.o(i.HAL_UART_MspInit)
    HAL_UART_Receive_IT                      0x08002fad   Thumb Code    42  stm32f4xx_hal_uart.o(i.HAL_UART_Receive_IT)
    HAL_UART_RxCpltCallback                  0x08002fd9   Thumb Code   490  usart.o(i.HAL_UART_RxCpltCallback)
    HAL_UART_Transmit                        0x08003201   Thumb Code   178  stm32f4xx_hal_uart.o(i.HAL_UART_Transmit)
    HAL_UART_TxCpltCallback                  0x080032b3   Thumb Code     2  stm32f4xx_hal_uart.o(i.HAL_UART_TxCpltCallback)
    HardFault_Handler                        0x080032b5   Thumb Code     2  stm32f4xx_it.o(i.HardFault_Handler)
    MX_CAN2_Init                             0x080032b9   Thumb Code    62  can.o(i.MX_CAN2_Init)
    MX_FSMC_Init                             0x08003301   Thumb Code   102  fsmc.o(i.MX_FSMC_Init)
    MX_GPIO_Init                             0x08003371   Thumb Code   182  gpio.o(i.MX_GPIO_Init)
    MX_TIM10_Init                            0x08003431   Thumb Code    44  tim.o(i.MX_TIM10_Init)
    MX_TIM3_Init                             0x08003465   Thumb Code   160  tim.o(i.MX_TIM3_Init)
    MX_TIM8_Init                             0x0800350d   Thumb Code   240  tim.o(i.MX_TIM8_Init)
    MX_UART5_Init                            0x08003605   Thumb Code    48  usart.o(i.MX_UART5_Init)
    MX_USART1_UART_Init                      0x0800363d   Thumb Code    48  usart.o(i.MX_USART1_UART_Init)
    MX_USART2_UART_Init                      0x08003675   Thumb Code    48  usart.o(i.MX_USART2_UART_Init)
    MX_USART3_UART_Init                      0x080036ad   Thumb Code    48  usart.o(i.MX_USART3_UART_Init)
    MemManage_Handler                        0x080036e5   Thumb Code     2  stm32f4xx_it.o(i.MemManage_Handler)
    NMI_Handler                              0x080036e7   Thumb Code     2  stm32f4xx_it.o(i.NMI_Handler)
    PendSV_Handler                           0x080036e9   Thumb Code     2  stm32f4xx_it.o(i.PendSV_Handler)
    SVC_Handler                              0x080036eb   Thumb Code     2  stm32f4xx_it.o(i.SVC_Handler)
    SysTick_Handler                          0x080036ed   Thumb Code     4  stm32f4xx_it.o(i.SysTick_Handler)
    SystemClock_Config                       0x080036f1   Thumb Code   140  main.o(i.SystemClock_Config)
    SystemInit                               0x08003785   Thumb Code    12  system_stm32f4xx.o(i.SystemInit)
    TIM1_UP_TIM10_IRQHandler                 0x08003795   Thumb Code     6  stm32f4xx_it.o(i.TIM1_UP_TIM10_IRQHandler)
    TIM8_CC_IRQHandler                       0x080037a1   Thumb Code     6  stm32f4xx_it.o(i.TIM8_CC_IRQHandler)
    TIM_Base_SetConfig                       0x080037ad   Thumb Code   156  stm32f4xx_hal_tim.o(i.TIM_Base_SetConfig)
    TIM_CCxChannelCmd                        0x08003875   Thumb Code    26  stm32f4xx_hal_tim.o(i.TIM_CCxChannelCmd)
    TIM_ETR_SetConfig                        0x0800388f   Thumb Code    20  stm32f4xx_hal_tim.o(i.TIM_ETR_SetConfig)
    TIM_OC2_SetConfig                        0x08003915   Thumb Code    98  stm32f4xx_hal_tim.o(i.TIM_OC2_SetConfig)
    UART5_IRQHandler                         0x08003a81   Thumb Code     6  stm32f4xx_it.o(i.UART5_IRQHandler)
    UART_Start_Receive_IT                    0x08003cb9   Thumb Code    58  stm32f4xx_hal_uart.o(i.UART_Start_Receive_IT)
    USART1_IRQHandler                        0x08003d6d   Thumb Code     6  stm32f4xx_it.o(i.USART1_IRQHandler)
    USART2_IRQHandler                        0x08003d79   Thumb Code     6  stm32f4xx_it.o(i.USART2_IRQHandler)
    USART3_IRQHandler                        0x08003d85   Thumb Code     6  stm32f4xx_it.o(i.USART3_IRQHandler)
    UsageFault_Handler                       0x08003d91   Thumb Code     2  stm32f4xx_it.o(i.UsageFault_Handler)
    __0printf$1                              0x08003d95   Thumb Code    22  printf1.o(i.__0printf$1)
    __1printf$1                              0x08003d95   Thumb Code     0  printf1.o(i.__0printf$1)
    __2printf                                0x08003d95   Thumb Code     0  printf1.o(i.__0printf$1)
    __ARM_fpclassify                         0x08003db5   Thumb Code    48  fpclassify.o(i.__ARM_fpclassify)
    __hardfp_ceil                            0x08003e09   Thumb Code   252  ceil.o(i.__hardfp_ceil)
    __hardfp_fabs                            0x08003f21   Thumb Code    20  fabs.o(i.__hardfp_fabs)
    __hardfp_pow                             0x08003f39   Thumb Code  3072  pow.o(i.__hardfp_pow)
    __kernel_poly                            0x08004b89   Thumb Code   248  poly.o(i.__kernel_poly)
    __mathlib_dbl_divzero                    0x08004c81   Thumb Code    28  dunder.o(i.__mathlib_dbl_divzero)
    __mathlib_dbl_infnan2                    0x08004cb1   Thumb Code    20  dunder.o(i.__mathlib_dbl_infnan2)
    __mathlib_dbl_invalid                    0x08004cc9   Thumb Code    24  dunder.o(i.__mathlib_dbl_invalid)
    __mathlib_dbl_overflow                   0x08004ce9   Thumb Code    24  dunder.o(i.__mathlib_dbl_overflow)
    __mathlib_dbl_underflow                  0x08004d09   Thumb Code    24  dunder.o(i.__mathlib_dbl_underflow)
    __scatterload_copy                       0x08004d29   Thumb Code    14  handlers.o(i.__scatterload_copy)
    __scatterload_null                       0x08004d37   Thumb Code     2  handlers.o(i.__scatterload_null)
    __scatterload_zeroinit                   0x08004d39   Thumb Code    14  handlers.o(i.__scatterload_zeroinit)
    __set_errno                              0x08004d49   Thumb Code     6  errno.o(i.__set_errno)
    bushu_init                               0x08004ea9   Thumb Code    14  logic.o(i.bushu_init)
    calc_speed                               0x08004ebd   Thumb Code   832  stepper_motor.o(i.calc_speed)
    canshu_init                              0x08005249   Thumb Code    40  logic.o(i.canshu_init)
    ceju                                     0x0800527d   Thumb Code   516  tofsense.o(i.ceju)
    da_py                                    0x080055d5   Thumb Code   216  logic.o(i.da_py)
    fabs                                     0x080056c9   Thumb Code    24  fabs.o(i.fabs)
    fputc                                    0x080056e1   Thumb Code    20  usart.o(i.fputc)
    main                                     0x080056f9   Thumb Code   170  main.o(i.main)
    my_mem_init                              0x080057d5   Thumb Code    36  malloc.o(i.my_mem_init)
    my_mem_perused                           0x08005891   Thumb Code    50  malloc.o(i.my_mem_perused)
    my_mem_set                               0x080058cd   Thumb Code    14  malloc.o(i.my_mem_set)
    myfree                                   0x080058dd   Thumb Code    82  malloc.o(i.myfree)
    mymalloc                                 0x08005939   Thumb Code    28  malloc.o(i.mymalloc)
    nei_py                                   0x08005959   Thumb Code   226  logic.o(i.nei_py)
    panduan                                  0x08005a5d   Thumb Code    84  tofsense.o(i.panduan)
    sec1                                     0x08005abd   Thumb Code   268  logic.o(i.sec1)
    sec1_fangwu1                             0x08005c1d   Thumb Code   180  logic.o(i.sec1_fangwu1)
    sec1_zhuaqv1                             0x08005cf5   Thumb Code   220  logic.o(i.sec1_zhuaqv1)
    sec2o3                                   0x08005df5   Thumb Code   696  logic.o(i.sec2o3)
    sec2o3_fangwu                            0x08006151   Thumb Code   380  logic.o(i.sec2o3_fangwu)
    sec2o3_zhuaqv                            0x080062f9   Thumb Code   372  logic.o(i.sec2o3_zhuaqv)
    sec2o3_zhuaqv1                           0x08006495   Thumb Code   222  logic.o(i.sec2o3_zhuaqv1)
    sec2o3_zhuaqv2                           0x08006599   Thumb Code   222  logic.o(i.sec2o3_zhuaqv2)
    section2_zhunbei                         0x0800669d   Thumb Code   210  logic.o(i.section2_zhunbei)
    section3_zhunbei                         0x08006795   Thumb Code   358  logic.o(i.section3_zhunbei)
    sqrt                                     0x08006929   Thumb Code   110  sqrt.o(i.sqrt)
    steer                                    0x08006999   Thumb Code   154  servo.o(i.steer)
    steer_init                               0x08006a55   Thumb Code    68  servo.o(i.steer_init)
    stepmotor_move_rel                       0x08006ab9   Thumb Code   364  stepper_motor.o(i.stepmotor_move_rel)
    stepper_start                            0x08006c5d   Thumb Code    38  stepper_motor.o(i.stepper_start)
    verifyCheckSum                           0x08006c89   Thumb Code    46  tofsense.o(i.verifyCheckSum)
    wai_py                                   0x08006cbd   Thumb Code   224  logic.o(i.wai_py)
    zhengji                                  0x08006dbd   Thumb Code   186  logic.o(i.zhengji)
    memtblsize                               0x08006ef4   Data          12  malloc.o(.constdata)
    memblksize                               0x08006f00   Data          12  malloc.o(.constdata)
    memsize                                  0x08006f0c   Data          12  malloc.o(.constdata)
    AHBPrescTable                            0x08006f18   Data          16  system_stm32f4xx.o(.constdata)
    APBPrescTable                            0x08006f28   Data           8  system_stm32f4xx.o(.constdata)
    __mathlib_zero                           0x08006fb8   Data           8  qnan.o(.constdata)
    Region$$Table$$Base                      0x08006fc0   Number         0  anon$$obj.o(Region$$Table)
    Region$$Table$$Limit                     0x08006ff0   Number         0  anon$$obj.o(Region$$Table)
    mallco_dev                               0x2001c000   Data          36  malloc.o(.data)
    g_motor1_sta                             0x2001c024   Data           1  stepper_motor.o(.data)
    g_motor2_sta                             0x2001c025   Data           1  stepper_motor.o(.data)
    g_motor3_sta                             0x2001c026   Data           1  stepper_motor.o(.data)
    g_motor4_sta                             0x2001c027   Data           1  stepper_motor.o(.data)
    g_step_pos1                              0x2001c028   Data           4  stepper_motor.o(.data)
    g_step_pos2                              0x2001c02c   Data           4  stepper_motor.o(.data)
    g_step_pos3                              0x2001c030   Data           4  stepper_motor.o(.data)
    g_step_pos4                              0x2001c034   Data           4  stepper_motor.o(.data)
    g_toggle_pulse                           0x2001c03c   Data           8  stepper_motor.o(.data)
    steering                                 0x2001c048   Data           1  servo.o(.data)
    steer_tim                                0x2001c049   Data           1  servo.o(.data)
    set_num                                  0x2001c04a   Data           2  servo.o(.data)
    pulse                                    0x2001c04c   Data           2  servo.o(.data)
    stop_pulse                               0x2001c04e   Data           2  servo.o(.data)
    id                                       0x2001c054   Data           4  servo.o(.data)
    star_angle                               0x2001c058   Data           8  servo.o(.data)
    stop_angle                               0x2001c060   Data           8  servo.o(.data)
    qingkuang                                0x2001c070   Data           1  logic.o(.data)
    cejvfankui_flag                          0x2001c071   Data           1  logic.o(.data)
    ceju_flag                                0x2001c072   Data           1  logic.o(.data)
    bj1_jc                                   0x2001c073   Data           1  logic.o(.data)
    bj2_jc                                   0x2001c074   Data           1  logic.o(.data)
    bj3_jc                                   0x2001c075   Data           1  logic.o(.data)
    bj4_jc                                   0x2001c076   Data           1  logic.o(.data)
    jcdl_flag                                0x2001c077   Data           1  logic.o(.data)
    jcdl2_flag                               0x2001c078   Data           1  logic.o(.data)
    s1_flag                                  0x2001c079   Data           1  logic.o(.data)
    s2_flag                                  0x2001c07a   Data           1  logic.o(.data)
    s1jc_flag                                0x2001c07b   Data           1  logic.o(.data)
    Initflag                                 0x2001c07c   Data           1  logic.o(.data)
    zhengji_flag                             0x2001c07d   Data           1  logic.o(.data)
    gc_flag                                  0x2001c07e   Data           1  logic.o(.data)
    crane_init                               0x2001c080   Data          24  main.o(.data)
    sec1_bj                                  0x2001c098   Data          32  main.o(.data)
    sce2_zhubei                              0x2001c0b8   Data          16  main.o(.data)
    sec2o3_qs                                0x2001c0c8   Data          64  main.o(.data)
    sec2o3_py                                0x2001c108   Data          32  main.o(.data)
    sce3_zhubei                              0x2001c128   Data          24  main.o(.data)
    action                                   0x2001c140   Data           1  main.o(.data)
    TOF_length                               0x2001c141   Data           1  main.o(.data)
    TOF_system_time                          0x2001c144   Data           4  main.o(.data)
    TOF_distance1                            0x2001c148   Data           4  main.o(.data)
    TOF_distance2                            0x2001c14c   Data           4  main.o(.data)
    dis1                                     0x2001c150   Data           4  main.o(.data)
    dis2                                     0x2001c154   Data           4  main.o(.data)
    TOF_status                               0x2001c158   Data           1  main.o(.data)
    TOF_signal                               0x2001c15c   Data           4  main.o(.data)
    TOF_check                                0x2001c160   Data           1  main.o(.data)
    count                                    0x2001c161   Data           1  main.o(.data)
    location                                 0x2001c162   Data           1  main.o(.data)
    servo1_zhuaqv                            0x2001c163   Data           1  main.o(.data)
    servo2_zhuaqv                            0x2001c164   Data           1  main.o(.data)
    aRxBuffer3                               0x2001c170   Data           1  usart.o(.data)
    aRxBuffer2                               0x2001c171   Data           1  usart.o(.data)
    USART2_RX_STA                            0x2001c172   Data           2  usart.o(.data)
    USART3_RX_STA                            0x2001c174   Data           2  usart.o(.data)
    RxBuff                                   0x2001c176   Data           2  usart.o(.data)
    RxBuff5                                  0x2001c178   Data           2  usart.o(.data)
    uwTickFreq                               0x2001c17c   Data           1  stm32f4xx_hal.o(.data)
    uwTickPrio                               0x2001c180   Data           4  stm32f4xx_hal.o(.data)
    uwTick                                   0x2001c184   Data           4  stm32f4xx_hal.o(.data)
    SystemCoreClock                          0x2001c188   Data           4  system_stm32f4xx.o(.data)
    __stdout                                 0x2001c18c   Data           4  stdout.o(.data)
    g_calc_t                                 0x2001dd14   Data         160  stepper_motor.o(.bss)
    g_add_pulse_count                        0x2001ddb4   Data          16  stepper_motor.o(.bss)
    TOF_data                                 0x2001ddc4   Data          32  main.o(.bss)
    TOF_data2                                0x2001dde4   Data          32  main.o(.bss)
    qvwu_infer                               0x2001de04   Data          72  main.o(.bss)
    DataBuff                                 0x2001de4c   Data         100  main.o(.bss)
    DataBuff5                                0x2001deb0   Data         100  main.o(.bss)
    hcan2                                    0x2001df14   Data          40  can.o(.bss)
    hsram1                                   0x2001df3c   Data          80  fsmc.o(.bss)
    htim3                                    0x2001df8c   Data          72  tim.o(.bss)
    htim8                                    0x2001dfd4   Data          72  tim.o(.bss)
    htim10                                   0x2001e01c   Data          72  tim.o(.bss)
    USART2_RX_BUF                            0x2001e064   Data         200  usart.o(.bss)
    USART3_RX_BUF                            0x2001e12c   Data         200  usart.o(.bss)
    huart5                                   0x2001e1f4   Data          68  usart.o(.bss)
    huart1                                   0x2001e238   Data          68  usart.o(.bss)
    huart2                                   0x2001e27c   Data          68  usart.o(.bss)
    huart3                                   0x2001e2c0   Data          68  usart.o(.bss)
    __initial_sp                             0x2001e708   Data           0  startup_stm32f407xx.o(STACK)



==============================================================================

Memory Map of the image

  Image Entry point : 0x08000189

  Load Region LR_IROM1 (Base: 0x08000000, Size: 0x00007184, Max: 0x00100000, ABSOLUTE, COMPRESSED[0x00007060])

    Execution Region ER_IROM1 (Exec base: 0x08000000, Load base: 0x08000000, Size: 0x00006ff0, Max: 0x00100000, ABSOLUTE)

    Exec Addr    Load Addr    Size         Type   Attr      Idx    E Section Name        Object

    0x08000000   0x08000000   0x00000188   Data   RO            3    RESET               startup_stm32f407xx.o
    0x08000188   0x08000188   0x00000000   Code   RO         3992  * .ARM.Collect$$$$00000000  mc_w.l(entry.o)
    0x08000188   0x08000188   0x00000004   Code   RO         4309    .ARM.Collect$$$$00000001  mc_w.l(entry2.o)
    0x0800018c   0x0800018c   0x00000004   Code   RO         4312    .ARM.Collect$$$$00000004  mc_w.l(entry5.o)
    0x08000190   0x08000190   0x00000000   Code   RO         4314    .ARM.Collect$$$$00000008  mc_w.l(entry7b.o)
    0x08000190   0x08000190   0x00000000   Code   RO         4316    .ARM.Collect$$$$0000000A  mc_w.l(entry8b.o)
    0x08000190   0x08000190   0x00000008   Code   RO         4317    .ARM.Collect$$$$0000000B  mc_w.l(entry9a.o)
    0x08000198   0x08000198   0x00000004   Code   RO         4324    .ARM.Collect$$$$0000000E  mc_w.l(entry12b.o)
    0x0800019c   0x0800019c   0x00000000   Code   RO         4319    .ARM.Collect$$$$0000000F  mc_w.l(entry10a.o)
    0x0800019c   0x0800019c   0x00000000   Code   RO         4321    .ARM.Collect$$$$00000011  mc_w.l(entry11a.o)
    0x0800019c   0x0800019c   0x00000004   Code   RO         4310    .ARM.Collect$$$$00002712  mc_w.l(entry2.o)
    0x080001a0   0x080001a0   0x00000024   Code   RO            4    .text               startup_stm32f407xx.o
    0x080001c4   0x080001c4   0x00000062   Code   RO         3995    .text               mc_w.l(uldiv.o)
    0x08000226   0x08000226   0x00000024   Code   RO         3997    .text               mc_w.l(memseta.o)
    0x0800024a   0x0800024a   0x0000014e   Code   RO         4260    .text               mf_w.l(dadd.o)
    0x08000398   0x08000398   0x000000e4   Code   RO         4262    .text               mf_w.l(dmul.o)
    0x0800047c   0x0800047c   0x000000de   Code   RO         4264    .text               mf_w.l(ddiv.o)
    0x0800055a   0x0800055a   0x0000001a   Code   RO         4266    .text               mf_w.l(dfltui.o)
    0x08000574   0x08000574   0x0000003e   Code   RO         4268    .text               mf_w.l(dfixi.o)
    0x080005b2   0x080005b2   0x00000032   Code   RO         4270    .text               mf_w.l(dfixui.o)
    0x080005e4   0x080005e4   0x00000026   Code   RO         4272    .text               mf_w.l(f2d.o)
    0x0800060a   0x0800060a   0x00000002   PAD
    0x0800060c   0x0800060c   0x00000030   Code   RO         4274    .text               mf_w.l(cdrcmple.o)
    0x0800063c   0x0800063c   0x00000038   Code   RO         4276    .text               mf_w.l(d2f.o)
    0x08000674   0x08000674   0x0000002c   Code   RO         4326    .text               mc_w.l(uidiv.o)
    0x080006a0   0x080006a0   0x0000001e   Code   RO         4328    .text               mc_w.l(llshl.o)
    0x080006be   0x080006be   0x00000020   Code   RO         4330    .text               mc_w.l(llushr.o)
    0x080006de   0x080006de   0x00000024   Code   RO         4332    .text               mc_w.l(llsshr.o)
    0x08000702   0x08000702   0x00000000   Code   RO         4341    .text               mc_w.l(iusefp.o)
    0x08000702   0x08000702   0x0000006e   Code   RO         4342    .text               mf_w.l(fepilogue.o)
    0x08000770   0x08000770   0x000000ba   Code   RO         4344    .text               mf_w.l(depilogue.o)
    0x0800082a   0x0800082a   0x0000002e   Code   RO         4348    .text               mf_w.l(dscalb.o)
    0x08000858   0x08000858   0x00000022   Code   RO         4350    .text               mf_w.l(dflti.o)
    0x0800087a   0x0800087a   0x00000002   PAD
    0x0800087c   0x0800087c   0x00000024   Code   RO         4354    .text               mc_w.l(init.o)
    0x080008a0   0x080008a0   0x000000a2   Code   RO         4356    .text               mf_w.l(dsqrt.o)
    0x08000942   0x08000942   0x00000056   Code   RO         4368    .text               mc_w.l(__dczerorl2.o)
    0x08000998   0x08000998   0x00000002   Code   RO          832    i.BusFault_Handler  stm32f4xx_it.o
    0x0800099a   0x0800099a   0x00000002   PAD
    0x0800099c   0x0800099c   0x0000000c   Code   RO          833    i.CAN2_RX0_IRQHandler  stm32f4xx_it.o
    0x080009a8   0x080009a8   0x000000cc   Code   RO          361    i.Crane_Init_juece  logic.o
    0x08000a74   0x08000a74   0x00000118   Code   RO          362    i.Crane_Init_yundong  logic.o
    0x08000b8c   0x08000b8c   0x00000002   Code   RO          834    i.DebugMon_Handler  stm32f4xx_it.o
    0x08000b8e   0x08000b8e   0x00000004   Code   RO          493    i.Error_Handler     main.o
    0x08000b92   0x08000b92   0x00000002   PAD
    0x08000b94   0x08000b94   0x0000003c   Code   RO         2348    i.FSMC_NORSRAM_Extended_Timing_Init  stm32f4xx_ll_fsmc.o
    0x08000bd0   0x08000bd0   0x00000068   Code   RO         2349    i.FSMC_NORSRAM_Init  stm32f4xx_ll_fsmc.o
    0x08000c38   0x08000c38   0x00000044   Code   RO         2350    i.FSMC_NORSRAM_Timing_Init  stm32f4xx_ll_fsmc.o
    0x08000c7c   0x08000c7c   0x00000002   Code   RO          980    i.HAL_CAN_ErrorCallback  stm32f4xx_hal_can.o
    0x08000c7e   0x08000c7e   0x000001fc   Code   RO          987    i.HAL_CAN_IRQHandler  stm32f4xx_hal_can.o
    0x08000e7a   0x08000e7a   0x0000011a   Code   RO          988    i.HAL_CAN_Init      stm32f4xx_hal_can.o
    0x08000f94   0x08000f94   0x0000008c   Code   RO          600    i.HAL_CAN_MspInit   can.o
    0x08001020   0x08001020   0x00000002   Code   RO          995    i.HAL_CAN_RxFifo0FullCallback  stm32f4xx_hal_can.o
    0x08001022   0x08001022   0x00000002   Code   RO          996    i.HAL_CAN_RxFifo0MsgPendingCallback  stm32f4xx_hal_can.o
    0x08001024   0x08001024   0x00000002   Code   RO          997    i.HAL_CAN_RxFifo1FullCallback  stm32f4xx_hal_can.o
    0x08001026   0x08001026   0x00000002   Code   RO          998    i.HAL_CAN_RxFifo1MsgPendingCallback  stm32f4xx_hal_can.o
    0x08001028   0x08001028   0x00000002   Code   RO          999    i.HAL_CAN_SleepCallback  stm32f4xx_hal_can.o
    0x0800102a   0x0800102a   0x00000002   Code   RO         1002    i.HAL_CAN_TxMailbox0AbortCallback  stm32f4xx_hal_can.o
    0x0800102c   0x0800102c   0x00000002   Code   RO         1003    i.HAL_CAN_TxMailbox0CompleteCallback  stm32f4xx_hal_can.o
    0x0800102e   0x0800102e   0x00000002   Code   RO         1004    i.HAL_CAN_TxMailbox1AbortCallback  stm32f4xx_hal_can.o
    0x08001030   0x08001030   0x00000002   Code   RO         1005    i.HAL_CAN_TxMailbox1CompleteCallback  stm32f4xx_hal_can.o
    0x08001032   0x08001032   0x00000002   Code   RO         1006    i.HAL_CAN_TxMailbox2AbortCallback  stm32f4xx_hal_can.o
    0x08001034   0x08001034   0x00000002   Code   RO         1007    i.HAL_CAN_TxMailbox2CompleteCallback  stm32f4xx_hal_can.o
    0x08001036   0x08001036   0x00000002   Code   RO         1009    i.HAL_CAN_WakeUpFromRxMsgCallback  stm32f4xx_hal_can.o
    0x08001038   0x08001038   0x00000092   Code   RO         1670    i.HAL_DMA_Abort     stm32f4xx_hal_dma.o
    0x080010ca   0x080010ca   0x00000024   Code   RO         1671    i.HAL_DMA_Abort_IT  stm32f4xx_hal_dma.o
    0x080010ee   0x080010ee   0x00000002   PAD
    0x080010f0   0x080010f0   0x00000024   Code   RO         2089    i.HAL_Delay         stm32f4xx_hal.o
    0x08001114   0x08001114   0x000000a8   Code   RO          641    i.HAL_FSMC_MspInit  fsmc.o
    0x080011bc   0x080011bc   0x000001f0   Code   RO         1563    i.HAL_GPIO_Init     stm32f4xx_hal_gpio.o
    0x080013ac   0x080013ac   0x0000000a   Code   RO         1567    i.HAL_GPIO_WritePin  stm32f4xx_hal_gpio.o
    0x080013b6   0x080013b6   0x00000002   PAD
    0x080013b8   0x080013b8   0x0000000c   Code   RO         2095    i.HAL_GetTick       stm32f4xx_hal.o
    0x080013c4   0x080013c4   0x00000010   Code   RO         2101    i.HAL_IncTick       stm32f4xx_hal.o
    0x080013d4   0x080013d4   0x00000034   Code   RO         2102    i.HAL_Init          stm32f4xx_hal.o
    0x08001408   0x08001408   0x00000040   Code   RO         2103    i.HAL_InitTick      stm32f4xx_hal.o
    0x08001448   0x08001448   0x00000030   Code   RO          950    i.HAL_MspInit       stm32f4xx_hal_msp.o
    0x08001478   0x08001478   0x0000001a   Code   RO         1952    i.HAL_NVIC_EnableIRQ  stm32f4xx_hal_cortex.o
    0x08001492   0x08001492   0x00000002   PAD
    0x08001494   0x08001494   0x00000040   Code   RO         1958    i.HAL_NVIC_SetPriority  stm32f4xx_hal_cortex.o
    0x080014d4   0x080014d4   0x00000024   Code   RO         1959    i.HAL_NVIC_SetPriorityGrouping  stm32f4xx_hal_cortex.o
    0x080014f8   0x080014f8   0x00000134   Code   RO         1209    i.HAL_RCC_ClockConfig  stm32f4xx_hal_rcc.o
    0x0800162c   0x0800162c   0x00000020   Code   RO         1216    i.HAL_RCC_GetPCLK1Freq  stm32f4xx_hal_rcc.o
    0x0800164c   0x0800164c   0x00000020   Code   RO         1217    i.HAL_RCC_GetPCLK2Freq  stm32f4xx_hal_rcc.o
    0x0800166c   0x0800166c   0x00000060   Code   RO         1218    i.HAL_RCC_GetSysClockFreq  stm32f4xx_hal_rcc.o
    0x080016cc   0x080016cc   0x0000036c   Code   RO         1221    i.HAL_RCC_OscConfig  stm32f4xx_hal_rcc.o
    0x08001a38   0x08001a38   0x0000005c   Code   RO         2470    i.HAL_SRAM_Init     stm32f4xx_hal_sram.o
    0x08001a94   0x08001a94   0x00000004   Code   RO          643    i.HAL_SRAM_MspInit  fsmc.o
    0x08001a98   0x08001a98   0x00000028   Code   RO         1963    i.HAL_SYSTICK_Config  stm32f4xx_hal_cortex.o
    0x08001ac0   0x08001ac0   0x00000002   Code   RO         3307    i.HAL_TIMEx_BreakCallback  stm32f4xx_hal_tim_ex.o
    0x08001ac2   0x08001ac2   0x00000002   Code   RO         3308    i.HAL_TIMEx_CommutCallback  stm32f4xx_hal_tim_ex.o
    0x08001ac4   0x08001ac4   0x00000054   Code   RO         3310    i.HAL_TIMEx_ConfigBreakDeadTime  stm32f4xx_hal_tim_ex.o
    0x08001b18   0x08001b18   0x00000090   Code   RO         3326    i.HAL_TIMEx_MasterConfigSynchronization  stm32f4xx_hal_tim_ex.o
    0x08001ba8   0x08001ba8   0x0000005a   Code   RO         2603    i.HAL_TIM_Base_Init  stm32f4xx_hal_tim.o
    0x08001c02   0x08001c02   0x00000002   PAD
    0x08001c04   0x08001c04   0x00000080   Code   RO          690    i.HAL_TIM_Base_MspInit  tim.o
    0x08001c84   0x08001c84   0x00000080   Code   RO         2608    i.HAL_TIM_Base_Start_IT  stm32f4xx_hal_tim.o
    0x08001d04   0x08001d04   0x00000030   Code   RO         2611    i.HAL_TIM_Base_Stop_IT  stm32f4xx_hal_tim.o
    0x08001d34   0x08001d34   0x000000dc   Code   RO         2612    i.HAL_TIM_ConfigClockSource  stm32f4xx_hal_tim.o
    0x08001e10   0x08001e10   0x00000002   Code   RO         2637    i.HAL_TIM_IC_CaptureCallback  stm32f4xx_hal_tim.o
    0x08001e12   0x08001e12   0x00000166   Code   RO         2651    i.HAL_TIM_IRQHandler  stm32f4xx_hal_tim.o
    0x08001f78   0x08001f78   0x00000084   Code   RO          691    i.HAL_TIM_MspPostInit  tim.o
    0x08001ffc   0x08001ffc   0x00000052   Code   RO         2652    i.HAL_TIM_OC_ConfigChannel  stm32f4xx_hal_tim.o
    0x0800204e   0x0800204e   0x00000002   PAD
    0x08002050   0x08002050   0x00000540   Code   RO          249    i.HAL_TIM_OC_DelayElapsedCallback  stepper_motor.o
    0x08002590   0x08002590   0x0000005a   Code   RO         2656    i.HAL_TIM_OC_Init   stm32f4xx_hal_tim.o
    0x080025ea   0x080025ea   0x00000002   Code   RO         2658    i.HAL_TIM_OC_MspInit  stm32f4xx_hal_tim.o
    0x080025ec   0x080025ec   0x000000f4   Code   RO         2661    i.HAL_TIM_OC_Start_IT  stm32f4xx_hal_tim.o
    0x080026e0   0x080026e0   0x000000bc   Code   RO         2664    i.HAL_TIM_OC_Stop_IT  stm32f4xx_hal_tim.o
    0x0800279c   0x0800279c   0x000000cc   Code   RO         2675    i.HAL_TIM_PWM_ConfigChannel  stm32f4xx_hal_tim.o
    0x08002868   0x08002868   0x0000005a   Code   RO         2678    i.HAL_TIM_PWM_Init  stm32f4xx_hal_tim.o
    0x080028c2   0x080028c2   0x00000002   Code   RO         2680    i.HAL_TIM_PWM_MspInit  stm32f4xx_hal_tim.o
    0x080028c4   0x080028c4   0x00000002   Code   RO         2681    i.HAL_TIM_PWM_PulseFinishedCallback  stm32f4xx_hal_tim.o
    0x080028c6   0x080028c6   0x00000002   PAD
    0x080028c8   0x080028c8   0x000000c8   Code   RO         2683    i.HAL_TIM_PWM_Start  stm32f4xx_hal_tim.o
    0x08002990   0x08002990   0x000001b0   Code   RO          319    i.HAL_TIM_PeriodElapsedCallback  servo.o
    0x08002b40   0x08002b40   0x00000002   Code   RO         2694    i.HAL_TIM_TriggerCallback  stm32f4xx_hal_tim.o
    0x08002b42   0x08002b42   0x00000002   Code   RO         3585    i.HAL_UARTEx_RxEventCallback  stm32f4xx_hal_uart.o
    0x08002b44   0x08002b44   0x00000002   Code   RO         3599    i.HAL_UART_ErrorCallback  stm32f4xx_hal_uart.o
    0x08002b46   0x08002b46   0x00000002   PAD
    0x08002b48   0x08002b48   0x00000268   Code   RO         3602    i.HAL_UART_IRQHandler  stm32f4xx_hal_uart.o
    0x08002db0   0x08002db0   0x00000062   Code   RO         3603    i.HAL_UART_Init     stm32f4xx_hal_uart.o
    0x08002e12   0x08002e12   0x00000002   PAD
    0x08002e14   0x08002e14   0x00000198   Code   RO          752    i.HAL_UART_MspInit  usart.o
    0x08002fac   0x08002fac   0x0000002a   Code   RO         3608    i.HAL_UART_Receive_IT  stm32f4xx_hal_uart.o
    0x08002fd6   0x08002fd6   0x00000002   PAD
    0x08002fd8   0x08002fd8   0x00000228   Code   RO          753    i.HAL_UART_RxCpltCallback  usart.o
    0x08003200   0x08003200   0x000000b2   Code   RO         3611    i.HAL_UART_Transmit  stm32f4xx_hal_uart.o
    0x080032b2   0x080032b2   0x00000002   Code   RO         3614    i.HAL_UART_TxCpltCallback  stm32f4xx_hal_uart.o
    0x080032b4   0x080032b4   0x00000002   Code   RO          835    i.HardFault_Handler  stm32f4xx_it.o
    0x080032b6   0x080032b6   0x00000002   PAD
    0x080032b8   0x080032b8   0x00000048   Code   RO          601    i.MX_CAN2_Init      can.o
    0x08003300   0x08003300   0x00000070   Code   RO          644    i.MX_FSMC_Init      fsmc.o
    0x08003370   0x08003370   0x000000c0   Code   RO          575    i.MX_GPIO_Init      gpio.o
    0x08003430   0x08003430   0x00000034   Code   RO          692    i.MX_TIM10_Init     tim.o
    0x08003464   0x08003464   0x000000a8   Code   RO          693    i.MX_TIM3_Init      tim.o
    0x0800350c   0x0800350c   0x000000f8   Code   RO          694    i.MX_TIM8_Init      tim.o
    0x08003604   0x08003604   0x00000038   Code   RO          754    i.MX_UART5_Init     usart.o
    0x0800363c   0x0800363c   0x00000038   Code   RO          755    i.MX_USART1_UART_Init  usart.o
    0x08003674   0x08003674   0x00000038   Code   RO          756    i.MX_USART2_UART_Init  usart.o
    0x080036ac   0x080036ac   0x00000038   Code   RO          757    i.MX_USART3_UART_Init  usart.o
    0x080036e4   0x080036e4   0x00000002   Code   RO          836    i.MemManage_Handler  stm32f4xx_it.o
    0x080036e6   0x080036e6   0x00000002   Code   RO          837    i.NMI_Handler       stm32f4xx_it.o
    0x080036e8   0x080036e8   0x00000002   Code   RO          838    i.PendSV_Handler    stm32f4xx_it.o
    0x080036ea   0x080036ea   0x00000002   Code   RO          839    i.SVC_Handler       stm32f4xx_it.o
    0x080036ec   0x080036ec   0x00000004   Code   RO          840    i.SysTick_Handler   stm32f4xx_it.o
    0x080036f0   0x080036f0   0x00000094   Code   RO          494    i.SystemClock_Config  main.o
    0x08003784   0x08003784   0x00000010   Code   RO         3932    i.SystemInit        system_stm32f4xx.o
    0x08003794   0x08003794   0x0000000c   Code   RO          841    i.TIM1_UP_TIM10_IRQHandler  stm32f4xx_it.o
    0x080037a0   0x080037a0   0x0000000c   Code   RO          842    i.TIM8_CC_IRQHandler  stm32f4xx_it.o
    0x080037ac   0x080037ac   0x000000c8   Code   RO         2696    i.TIM_Base_SetConfig  stm32f4xx_hal_tim.o
    0x08003874   0x08003874   0x0000001a   Code   RO         2697    i.TIM_CCxChannelCmd  stm32f4xx_hal_tim.o
    0x0800388e   0x0800388e   0x00000014   Code   RO         2707    i.TIM_ETR_SetConfig  stm32f4xx_hal_tim.o
    0x080038a2   0x080038a2   0x00000010   Code   RO         2708    i.TIM_ITRx_SetConfig  stm32f4xx_hal_tim.o
    0x080038b2   0x080038b2   0x00000002   PAD
    0x080038b4   0x080038b4   0x00000060   Code   RO         2709    i.TIM_OC1_SetConfig  stm32f4xx_hal_tim.o
    0x08003914   0x08003914   0x0000006c   Code   RO         2710    i.TIM_OC2_SetConfig  stm32f4xx_hal_tim.o
    0x08003980   0x08003980   0x00000068   Code   RO         2711    i.TIM_OC3_SetConfig  stm32f4xx_hal_tim.o
    0x080039e8   0x080039e8   0x00000050   Code   RO         2712    i.TIM_OC4_SetConfig  stm32f4xx_hal_tim.o
    0x08003a38   0x08003a38   0x00000022   Code   RO         2714    i.TIM_TI1_ConfigInputStage  stm32f4xx_hal_tim.o
    0x08003a5a   0x08003a5a   0x00000024   Code   RO         2716    i.TIM_TI2_ConfigInputStage  stm32f4xx_hal_tim.o
    0x08003a7e   0x08003a7e   0x00000002   PAD
    0x08003a80   0x08003a80   0x0000000c   Code   RO          843    i.UART5_IRQHandler  stm32f4xx_it.o
    0x08003a8c   0x08003a8c   0x00000010   Code   RO         3616    i.UART_DMAAbortOnError  stm32f4xx_hal_uart.o
    0x08003a9c   0x08003a9c   0x0000004e   Code   RO         3626    i.UART_EndRxTransfer  stm32f4xx_hal_uart.o
    0x08003aea   0x08003aea   0x000000c0   Code   RO         3628    i.UART_Receive_IT   stm32f4xx_hal_uart.o
    0x08003baa   0x08003baa   0x00000002   PAD
    0x08003bac   0x08003bac   0x0000010c   Code   RO         3629    i.UART_SetConfig    stm32f4xx_hal_uart.o
    0x08003cb8   0x08003cb8   0x0000003a   Code   RO         3631    i.UART_Start_Receive_IT  stm32f4xx_hal_uart.o
    0x08003cf2   0x08003cf2   0x00000078   Code   RO         3632    i.UART_WaitOnFlagUntilTimeout  stm32f4xx_hal_uart.o
    0x08003d6a   0x08003d6a   0x00000002   PAD
    0x08003d6c   0x08003d6c   0x0000000c   Code   RO          844    i.USART1_IRQHandler  stm32f4xx_it.o
    0x08003d78   0x08003d78   0x0000000c   Code   RO          845    i.USART2_IRQHandler  stm32f4xx_it.o
    0x08003d84   0x08003d84   0x0000000c   Code   RO          846    i.USART3_IRQHandler  stm32f4xx_it.o
    0x08003d90   0x08003d90   0x00000002   Code   RO          847    i.UsageFault_Handler  stm32f4xx_it.o
    0x08003d92   0x08003d92   0x00000002   PAD
    0x08003d94   0x08003d94   0x00000020   Code   RO         4044    i.__0printf$1       mc_w.l(printf1.o)
    0x08003db4   0x08003db4   0x00000030   Code   RO         4292    i.__ARM_fpclassify  m_wm.l(fpclassify.o)
    0x08003de4   0x08003de4   0x00000020   Code   RO         1965    i.__NVIC_SetPriority  stm32f4xx_hal_cortex.o
    0x08003e04   0x08003e04   0x00000004   PAD
    0x08003e08   0x08003e08   0x00000118   Code   RO         3966    i.__hardfp_ceil     m_wm.l(ceil.o)
    0x08003f20   0x08003f20   0x00000014   Code   RO         3972    i.__hardfp_fabs     m_wm.l(fabs.o)
    0x08003f34   0x08003f34   0x00000004   PAD
    0x08003f38   0x08003f38   0x00000c50   Code   RO         3978    i.__hardfp_pow      m_wm.l(pow.o)
    0x08004b88   0x08004b88   0x000000f8   Code   RO         4294    i.__kernel_poly     m_wm.l(poly.o)
    0x08004c80   0x08004c80   0x00000030   Code   RO         4278    i.__mathlib_dbl_divzero  m_wm.l(dunder.o)
    0x08004cb0   0x08004cb0   0x00000014   Code   RO         4280    i.__mathlib_dbl_infnan2  m_wm.l(dunder.o)
    0x08004cc4   0x08004cc4   0x00000004   PAD
    0x08004cc8   0x08004cc8   0x00000020   Code   RO         4281    i.__mathlib_dbl_invalid  m_wm.l(dunder.o)
    0x08004ce8   0x08004ce8   0x00000020   Code   RO         4282    i.__mathlib_dbl_overflow  m_wm.l(dunder.o)
    0x08004d08   0x08004d08   0x00000020   Code   RO         4284    i.__mathlib_dbl_underflow  m_wm.l(dunder.o)
    0x08004d28   0x08004d28   0x0000000e   Code   RO         4362    i.__scatterload_copy  mc_w.l(handlers.o)
    0x08004d36   0x08004d36   0x00000002   Code   RO         4363    i.__scatterload_null  mc_w.l(handlers.o)
    0x08004d38   0x08004d38   0x0000000e   Code   RO         4364    i.__scatterload_zeroinit  mc_w.l(handlers.o)
    0x08004d46   0x08004d46   0x00000002   PAD
    0x08004d48   0x08004d48   0x0000000c   Code   RO         4336    i.__set_errno       mc_w.l(errno.o)
    0x08004d54   0x08004d54   0x00000154   Code   RO         4051    i._printf_core      mc_w.l(printf1.o)
    0x08004ea8   0x08004ea8   0x00000014   Code   RO          363    i.bushu_init        logic.o
    0x08004ebc   0x08004ebc   0x0000038c   Code   RO          250    i.calc_speed        stepper_motor.o
    0x08005248   0x08005248   0x00000034   Code   RO          364    i.canshu_init       logic.o
    0x0800527c   0x0800527c   0x00000358   Code   RO           13    i.ceju              tofsense.o
    0x080055d4   0x080055d4   0x000000f4   Code   RO          365    i.da_py             logic.o
    0x080056c8   0x080056c8   0x00000018   Code   RO         3974    i.fabs              m_wm.l(fabs.o)
    0x080056e0   0x080056e0   0x00000018   Code   RO          759    i.fputc             usart.o
    0x080056f8   0x080056f8   0x000000dc   Code   RO          495    i.main              main.o
    0x080057d4   0x080057d4   0x0000002c   Code   RO          173    i.my_mem_init       malloc.o
    0x08005800   0x08005800   0x00000090   Code   RO          174    i.my_mem_malloc     malloc.o
    0x08005890   0x08005890   0x0000003c   Code   RO          175    i.my_mem_perused    malloc.o
    0x080058cc   0x080058cc   0x0000000e   Code   RO          176    i.my_mem_set        malloc.o
    0x080058da   0x080058da   0x00000002   PAD
    0x080058dc   0x080058dc   0x0000005c   Code   RO          177    i.myfree            malloc.o
    0x08005938   0x08005938   0x00000020   Code   RO          178    i.mymalloc          malloc.o
    0x08005958   0x08005958   0x00000104   Code   RO          366    i.nei_py            logic.o
    0x08005a5c   0x08005a5c   0x00000060   Code   RO           14    i.panduan           tofsense.o
    0x08005abc   0x08005abc   0x00000160   Code   RO          367    i.sec1              logic.o
    0x08005c1c   0x08005c1c   0x000000d8   Code   RO          368    i.sec1_fangwu1      logic.o
    0x08005cf4   0x08005cf4   0x00000100   Code   RO          369    i.sec1_zhuaqv1      logic.o
    0x08005df4   0x08005df4   0x0000035c   Code   RO          370    i.sec2o3            logic.o
    0x08006150   0x08006150   0x000001a8   Code   RO          371    i.sec2o3_fangwu     logic.o
    0x080062f8   0x080062f8   0x0000019c   Code   RO          372    i.sec2o3_zhuaqv     logic.o
    0x08006494   0x08006494   0x00000104   Code   RO          373    i.sec2o3_zhuaqv1    logic.o
    0x08006598   0x08006598   0x00000104   Code   RO          374    i.sec2o3_zhuaqv2    logic.o
    0x0800669c   0x0800669c   0x000000f8   Code   RO          375    i.section2_zhunbei  logic.o
    0x08006794   0x08006794   0x00000194   Code   RO          376    i.section3_zhunbei  logic.o
    0x08006928   0x08006928   0x0000006e   Code   RO         4299    i.sqrt              m_wm.l(sqrt.o)
    0x08006996   0x08006996   0x00000002   PAD
    0x08006998   0x08006998   0x000000bc   Code   RO          320    i.steer             servo.o
    0x08006a54   0x08006a54   0x00000064   Code   RO          321    i.steer_init        servo.o
    0x08006ab8   0x08006ab8   0x000001a4   Code   RO          251    i.stepmotor_move_rel  stepper_motor.o
    0x08006c5c   0x08006c5c   0x0000002c   Code   RO          252    i.stepper_start     stepper_motor.o
    0x08006c88   0x08006c88   0x00000034   Code   RO           15    i.verifyCheckSum    tofsense.o
    0x08006cbc   0x08006cbc   0x00000100   Code   RO          377    i.wai_py            logic.o
    0x08006dbc   0x08006dbc   0x00000138   Code   RO          378    i.zhengji           logic.o
    0x08006ef4   0x08006ef4   0x00000024   Data   RO          186    .constdata          malloc.o
    0x08006f18   0x08006f18   0x00000010   Data   RO         3933    .constdata          system_stm32f4xx.o
    0x08006f28   0x08006f28   0x00000008   Data   RO         3934    .constdata          system_stm32f4xx.o
    0x08006f30   0x08006f30   0x00000088   Data   RO         3981    .constdata          m_wm.l(pow.o)
    0x08006fb8   0x08006fb8   0x00000008   Data   RO         4296    .constdata          m_wm.l(qnan.o)
    0x08006fc0   0x08006fc0   0x00000030   Data   RO         4360    Region$$Table       anon$$obj.o


    Execution Region RW_IRAM1 (Exec base: 0x20000000, Load base: 0x08006ff0, Size: 0x0001b800, Max: 0x0001c000, ABSOLUTE)

    Exec Addr    Load Addr    Size         Type   Attr      Idx    E Section Name        Object

    0x20000000        -       0x0001b800   Zero   RW          184    .bss                malloc.o


    Execution Region RW_IRAM2 (Exec base: 0x2001c000, Load base: 0x08006ff0, Size: 0x00002708, Max: 0x00004000, ABSOLUTE, COMPRESSED[0x00000070])

    Exec Addr    Load Addr    Size         Type   Attr      Idx    E Section Name        Object

    0x2001c000   COMPRESSED   0x00000024   Data   RW          187    .data               malloc.o
    0x2001c024   COMPRESSED   0x00000020   Data   RW          255    .data               stepper_motor.o
    0x2001c044   COMPRESSED   0x00000004   PAD
    0x2001c048   COMPRESSED   0x00000028   Data   RW          322    .data               servo.o
    0x2001c070   COMPRESSED   0x0000000f   Data   RW          379    .data               logic.o
    0x2001c07f   COMPRESSED   0x00000001   PAD
    0x2001c080   COMPRESSED   0x00000018   Data   RW          502    .data               main.o
    0x2001c098   COMPRESSED   0x00000020   Data   RW          503    .data               main.o
    0x2001c0b8   COMPRESSED   0x00000010   Data   RW          504    .data               main.o
    0x2001c0c8   COMPRESSED   0x00000040   Data   RW          505    .data               main.o
    0x2001c108   COMPRESSED   0x00000020   Data   RW          506    .data               main.o
    0x2001c128   COMPRESSED   0x00000018   Data   RW          507    .data               main.o
    0x2001c140   COMPRESSED   0x00000001   Data   RW          508    .data               main.o
    0x2001c141   COMPRESSED   0x00000001   Data   RW          509    .data               main.o
    0x2001c142   COMPRESSED   0x00000002   PAD
    0x2001c144   COMPRESSED   0x00000004   Data   RW          511    .data               main.o
    0x2001c148   COMPRESSED   0x00000004   Data   RW          512    .data               main.o
    0x2001c14c   COMPRESSED   0x00000004   Data   RW          513    .data               main.o
    0x2001c150   COMPRESSED   0x00000004   Data   RW          514    .data               main.o
    0x2001c154   COMPRESSED   0x00000004   Data   RW          515    .data               main.o
    0x2001c158   COMPRESSED   0x00000001   Data   RW          516    .data               main.o
    0x2001c159   COMPRESSED   0x00000003   PAD
    0x2001c15c   COMPRESSED   0x00000004   Data   RW          517    .data               main.o
    0x2001c160   COMPRESSED   0x00000001   Data   RW          518    .data               main.o
    0x2001c161   COMPRESSED   0x00000001   Data   RW          519    .data               main.o
    0x2001c162   COMPRESSED   0x00000001   Data   RW          520    .data               main.o
    0x2001c163   COMPRESSED   0x00000001   Data   RW          521    .data               main.o
    0x2001c164   COMPRESSED   0x00000001   Data   RW          522    .data               main.o
    0x2001c165   COMPRESSED   0x00000003   PAD
    0x2001c168   COMPRESSED   0x00000008   Data   RW          646    .data               fsmc.o
    0x2001c170   COMPRESSED   0x0000000a   Data   RW          761    .data               usart.o
    0x2001c17a   COMPRESSED   0x00000002   PAD
    0x2001c17c   COMPRESSED   0x0000000c   Data   RW         2109    .data               stm32f4xx_hal.o
    0x2001c188   COMPRESSED   0x00000004   Data   RW         3935    .data               system_stm32f4xx.o
    0x2001c18c   COMPRESSED   0x00000004   Data   RW         4325    .data               mc_w.l(stdout.o)
    0x2001c190   COMPRESSED   0x00000004   Data   RW         4337    .data               mc_w.l(errno.o)
    0x2001c194        -       0x00001b80   Zero   RW          185    .bss                malloc.o
    0x2001dd14        -       0x000000b0   Zero   RW          254    .bss                stepper_motor.o
    0x2001ddc4        -       0x00000020   Zero   RW          496    .bss                main.o
    0x2001dde4        -       0x00000020   Zero   RW          497    .bss                main.o
    0x2001de04        -       0x00000048   Zero   RW          498    .bss                main.o
    0x2001de4c        -       0x00000064   Zero   RW          499    .bss                main.o
    0x2001deb0        -       0x00000064   Zero   RW          500    .bss                main.o
    0x2001df14        -       0x00000028   Zero   RW          602    .bss                can.o
    0x2001df3c        -       0x00000050   Zero   RW          645    .bss                fsmc.o
    0x2001df8c        -       0x000000d8   Zero   RW          695    .bss                tim.o
    0x2001e064        -       0x000002a0   Zero   RW          760    .bss                usart.o
    0x2001e304   COMPRESSED   0x00000004   PAD
    0x2001e308        -       0x00000400   Zero   RW            1    STACK               startup_stm32f407xx.o



  Load Region LR$$.ARM.__AT_0x10000000 (Base: 0x10000000, Size: 0x00000000, Max: 0x0000f000, ABSOLUTE)

    Execution Region ER$$.ARM.__AT_0x10000000 (Exec base: 0x10000000, Load base: 0x10000000, Size: 0x0000f000, Max: 0x0000f000, ABSOLUTE, UNINIT)

    Exec Addr    Load Addr    Size         Type   Attr      Idx    E Section Name        Object

    0x10000000        -       0x0000f000   Zero   RW          180    .ARM.__AT_0x10000000  malloc.o



  Load Region LR$$.ARM.__AT_0x1000F000 (Base: 0x1000f000, Size: 0x00000000, Max: 0x00000f00, ABSOLUTE)

    Execution Region ER$$.ARM.__AT_0x1000F000 (Exec base: 0x1000f000, Load base: 0x1000f000, Size: 0x00000f00, Max: 0x00000f00, ABSOLUTE, UNINIT)

    Exec Addr    Load Addr    Size         Type   Attr      Idx    E Section Name        Object

    0x1000f000        -       0x00000f00   Zero   RW          181    .ARM.__AT_0x1000F000  malloc.o



  Load Region LR$$.ARM.__AT_0x68000000 (Base: 0x68000000, Size: 0x00000000, Max: 0x000f0c00, ABSOLUTE)

    Execution Region ER$$.ARM.__AT_0x68000000 (Exec base: 0x68000000, Load base: 0x68000000, Size: 0x000f0c00, Max: 0x000f0c00, ABSOLUTE, UNINIT)

    Exec Addr    Load Addr    Size         Type   Attr      Idx    E Section Name        Object

    0x68000000        -       0x000f0c00   Zero   RW          182    .ARM.__AT_0x68000000  malloc.o



  Load Region LR$$.ARM.__AT_0x680F0C00 (Base: 0x680f0c00, Size: 0x00000000, Max: 0x0000f0c0, ABSOLUTE)

    Execution Region ER$$.ARM.__AT_0x680F0C00 (Exec base: 0x680f0c00, Load base: 0x680f0c00, Size: 0x0000f0c0, Max: 0x0000f0c0, ABSOLUTE, UNINIT)

    Exec Addr    Load Addr    Size         Type   Attr      Idx    E Section Name        Object

    0x680f0c00        -       0x0000f0c0   Zero   RW          183    .ARM.__AT_0x680F0C00  malloc.o


==============================================================================

Image component sizes


      Code (inc. data)   RO Data    RW Data    ZI Data      Debug   Object Name

       212         24          0          0         40       1669   can.o
       284         36          0          8         80       2151   fsmc.o
       192         10          0          0          0       1063   gpio.o
      5320        864          0         15          0      14725   logic.o
       372         58          0        224        336       3924   main.o
       386         40         36         36    1232704       5923   malloc.o
       720        122          0         40          0       2744   servo.o
        36          8        392          0       1024        816   startup_stm32f407xx.o
      2716        188          0         32        176       7788   stepper_motor.o
       180         28          0         12          0       9273   stm32f4xx_hal.o
       816          0          0          0          0       9839   stm32f4xx_hal_can.o
       198         14          0          0          0      33839   stm32f4xx_hal_cortex.o
       182          0          0          0          0       2051   stm32f4xx_hal_dma.o
       506         46          0          0          0       2144   stm32f4xx_hal_gpio.o
        48          6          0          0          0        822   stm32f4xx_hal_msp.o
      1344         72          0          0          0       5136   stm32f4xx_hal_rcc.o
        92          0          0          0          0       1184   stm32f4xx_hal_sram.o
      2672        174          0          0          0      20432   stm32f4xx_hal_tim.o
       232         28          0          0          0       3189   stm32f4xx_hal_tim_ex.o
      1672         16          0          0          0      11164   stm32f4xx_hal_uart.o
       104         42          0          0          0       7183   stm32f4xx_it.o
       232         14          0          0          0       3879   stm32f4xx_ll_fsmc.o
        16          4         24          4          0       1079   system_stm32f4xx.o
       728         60          0          0        216       3910   tim.o
      1004        358          0          0          0     718510   tofsense.o
      1208        134          0         10        672       5843   usart.o

    ----------------------------------------------------------------------
     21512       2346        500        396    1235252     880280   Object Totals
         0          0         48          0          0          0   (incl. Generated)
        40          0          0         15          4          0   (incl. Padding)

    ----------------------------------------------------------------------

      Code (inc. data)   RO Data    RW Data    ZI Data      Debug   Library Member Name

       280         28          0          0          0        156   ceil.o
       164         44          0          0          0        620   dunder.o
        44          0          0          0          0        248   fabs.o
        48          0          0          0          0        124   fpclassify.o
       248          0          0          0          0        152   poly.o
      3152        296        136          0          0        352   pow.o
         0          0          8          0          0          0   qnan.o
       110          0          0          0          0        148   sqrt.o
        86          0          0          0          0          0   __dczerorl2.o
         0          0          0          0          0          0   entry.o
         0          0          0          0          0          0   entry10a.o
         0          0          0          0          0          0   entry11a.o
         4          0          0          0          0          0   entry12b.o
         8          4          0          0          0          0   entry2.o
         4          0          0          0          0          0   entry5.o
         0          0          0          0          0          0   entry7b.o
         0          0          0          0          0          0   entry8b.o
         8          4          0          0          0          0   entry9a.o
        12          6          0          4          0         68   errno.o
        30          0          0          0          0          0   handlers.o
        36          8          0          0          0         68   init.o
         0          0          0          0          0          0   iusefp.o
        30          0          0          0          0         68   llshl.o
        36          0          0          0          0         68   llsshr.o
        32          0          0          0          0         68   llushr.o
        36          0          0          0          0        108   memseta.o
       372         14          0          0          0        184   printf1.o
         0          0          0          4          0          0   stdout.o
        44          0          0          0          0         80   uidiv.o
        98          0          0          0          0         92   uldiv.o
        48          0          0          0          0         68   cdrcmple.o
        56          0          0          0          0         88   d2f.o
       334          0          0          0          0        148   dadd.o
       222          0          0          0          0        100   ddiv.o
       186          0          0          0          0        176   depilogue.o
        62          0          0          0          0         80   dfixi.o
        50          0          0          0          0         76   dfixui.o
        34          0          0          0          0         76   dflti.o
        26          0          0          0          0         76   dfltui.o
       228          0          0          0          0         96   dmul.o
        46          0          0          0          0         80   dscalb.o
       162          0          0          0          0        100   dsqrt.o
        38          0          0          0          0         68   f2d.o
       110          0          0          0          0        168   fepilogue.o

    ----------------------------------------------------------------------
      6500        404        144          8          0       4004   Library Totals
        16          0          0          0          0          0   (incl. Padding)

    ----------------------------------------------------------------------

      Code (inc. data)   RO Data    RW Data    ZI Data      Debug   Library Name

      4046        368        144          0          0       1800   m_wm.l
       836         36          0          8          0        804   mc_w.l
      1602          0          0          0          0       1400   mf_w.l

    ----------------------------------------------------------------------
      6500        404        144          8          0       4004   Library Totals

    ----------------------------------------------------------------------

==============================================================================


      Code (inc. data)   RO Data    RW Data    ZI Data      Debug   

     28012       2750        644        404    1235252     867476   Grand Totals
     28012       2750        644        112    1235252     867476   ELF Image Totals (compressed)
     28012       2750        644        112          0          0   ROM Totals

==============================================================================

    Total RO  Size (Code + RO Data)                28656 (  27.98kB)
    Total RW  Size (RW Data + ZI Data)           1235656 (1206.70kB)
    Total ROM Size (Code + RO Data + RW Data)      28768 (  28.09kB)

==============================================================================

